Component: ARM Compiler 5.05 update 2 (build 169) Tool: armlink [4d0f33]

==============================================================================

Section Cross References

    main.o(i.Write_OLED_string) refers to strlen.o(.text) for strlen
    main.o(i.Write_OLED_string) refers to printfa.o(i.__0sprintf) for __2sprintf
    main.o(i.Write_OLED_string) refers to f2d.o(.text) for __aeabi_f2d
    main.o(i.Write_OLED_string) refers to rak_i2c_oled.o(i.OLED_Init) for OLED_Init
    main.o(i.Write_OLED_string) refers to rak_i2c_oled.o(i.OLED_CLS) for OLED_CLS
    main.o(i.Write_OLED_string) refers to rak_i2c_oled.o(i.OLED_ShowStr) for OLED_ShowStr
    main.o(i.Write_OLED_string) refers to main.o(.bss) for .bss
    main.o(i.assert_nrf_callback) refers to app_error.o(i.app_error_handler) for app_error_handler
    main.o(i.ble_evt_handler) refers to nrf_log_frontend.o(i.nrf_log_frontend_std_0) for nrf_log_frontend_std_0
    main.o(i.ble_evt_handler) refers to bsp.o(i.bsp_indication_set) for bsp_indication_set
    main.o(i.ble_evt_handler) refers to app_error.o(i.app_error_handler_bare) for app_error_handler_bare
    main.o(i.ble_evt_handler) refers to memcpya.o(.text) for __aeabi_memcpy
    main.o(i.ble_evt_handler) refers to main.o(.data) for .data
    main.o(i.ble_evt_handler) refers to nrf_log_frontend.o(log_dynamic_data) for m_nrf_log_app_logs_data_dynamic
    main.o(i.bsp_event_handler) refers to main.o(i.sleep_mode_enter) for sleep_mode_enter
    main.o(i.bsp_event_handler) refers to app_error.o(i.app_error_handler_bare) for app_error_handler_bare
    main.o(i.bsp_event_handler) refers to ble_advertising.o(i.ble_advertising_restart_without_whitelist) for ble_advertising_restart_without_whitelist
    main.o(i.bsp_event_handler) refers to main.o(.data) for .data
    main.o(i.bsp_event_handler) refers to main.o(.bss) for .bss
    main.o(i.conn_params_error_handler) refers to app_error.o(i.app_error_handler_bare) for app_error_handler_bare
    main.o(i.gatt_evt_handler) refers to nrf_log_frontend.o(i.nrf_log_frontend_std_2) for nrf_log_frontend_std_2
    main.o(i.gatt_evt_handler) refers to main.o(.data) for .data
    main.o(i.gatt_evt_handler) refers to nrf_log_frontend.o(log_dynamic_data) for m_nrf_log_app_logs_data_dynamic
    main.o(i.gatt_init) refers to nrf_ble_gatt.o(i.nrf_ble_gatt_init) for nrf_ble_gatt_init
    main.o(i.gatt_init) refers to app_error.o(i.app_error_handler_bare) for app_error_handler_bare
    main.o(i.gatt_init) refers to nrf_ble_gatt.o(i.nrf_ble_gatt_att_mtu_periph_set) for nrf_ble_gatt_att_mtu_periph_set
    main.o(i.gatt_init) refers to main.o(i.gatt_evt_handler) for gatt_evt_handler
    main.o(i.gatt_init) refers to main.o(.bss) for .bss
    main.o(i.i2c_drv_init) refers to rak_i2c_drv.o(i.rak_i2c_init) for rak_i2c_init
    main.o(i.i2c_drv_init) refers to main.o(.constdata) for .constdata
    main.o(i.main) refers to main.o(i.nRF_hardware_init) for nRF_hardware_init
    main.o(i.main) refers to main.o(i.nRF_BLE_init) for nRF_BLE_init
    main.o(i.main) refers to main.o(i.nRF_lora_init) for nRF_lora_init
    main.o(i.main) refers to main.o(i.nRF_timer_init) for nRF_timer_init
    main.o(i.main) refers to main.o(i.Write_OLED_string) for Write_OLED_string
    main.o(i.main) refers to ble_advertising.o(i.ble_advertising_start) for ble_advertising_start
    main.o(i.main) refers to app_error.o(i.app_error_handler_bare) for app_error_handler_bare
    main.o(i.main) refers to printfa.o(i.__0printf) for __2printf
    main.o(i.main) refers to app_lora.o(i.lora_process) for lora_process
    main.o(i.main) refers to nrf_log_frontend.o(i.nrf_log_frontend_dequeue) for nrf_log_frontend_dequeue
    main.o(i.main) refers to app_lora.o(i.u_fs_write_lorab_cfg) for u_fs_write_lorab_cfg
    main.o(i.main) refers to rak_i2c_gps_max7.o(i.Max7GpsReadDataStream) for Max7GpsReadDataStream
    main.o(i.main) refers to gps.o(i.GpsParseGpsData) for GpsParseGpsData
    main.o(i.main) refers to gps.o(i.GpsGetLatestGpsPositionDouble) for GpsGetLatestGpsPositionDouble
    main.o(i.main) refers to gps.o(i.GpsGetLatestGpsAltitude) for GpsGetLatestGpsAltitude
    main.o(i.main) refers to rak_i2c_sht31.o(i.Sht31_startMeasurementHighResolution) for Sht31_startMeasurementHighResolution
    main.o(i.main) refers to rak_i2c_sht31.o(i.Sht31_readMeasurement_ft) for Sht31_readMeasurement_ft
    main.o(i.main) refers to f2d.o(.text) for __aeabi_f2d
    main.o(i.main) refers to lis3dh_driver.o(i.LIS3DH_GetAccAxesRaw) for LIS3DH_GetAccAxesRaw
    main.o(i.main) refers to main.o(.bss) for .bss
    main.o(i.main) refers to main.o(.data) for .data
    main.o(i.main) refers to rak_i2c_gps_max7.o(.bss) for GpsDataBuffer
    main.o(i.nRF_BLE_init) refers to nrf_sdh.o(i.nrf_sdh_enable_request) for nrf_sdh_enable_request
    main.o(i.nRF_BLE_init) refers to app_error.o(i.app_error_handler_bare) for app_error_handler_bare
[...]
    read_gps_timer_handle                    0x00030121   Thumb Code    10  main.o(i.read_gps_timer_handle)
    read_gps_timer_init                      0x00030131   Thumb Code    52  main.o(i.read_gps_timer_init)
    rtc_get_timestamp                        0x00030359   Thumb Code    22  rtc-board.o(i.rtc_get_timestamp)
    rw_Region2Str                            0x000303ad   Thumb Code    62  loramac.o(i.rw_Region2Str)
    sdk_mapped_flags_bulk_update_by_key      0x000306ad   Thumb Code    68  sdk_mapped_flags.o(i.sdk_mapped_flags_bulk_update_by_key)
    sdk_mapped_flags_first_key_index_get     0x000306f1   Thumb Code    34  sdk_mapped_flags.o(i.sdk_mapped_flags_first_key_index_get)
    sdk_mapped_flags_key_list_get            0x00030723   Thumb Code    74  sdk_mapped_flags.o(i.sdk_mapped_flags_key_list_get)
    sdk_mapped_flags_update_by_key           0x0003076d   Thumb Code    14  sdk_mapped_flags.o(i.sdk_mapped_flags_update_by_key)
    set_handler                              0x00030815   Thumb Code   160  main.o(i.set_handler)
    srand1                                   0x00030a41   Thumb Code     6  utilities.o(i.srand1)
    u_fs_check_lorab_cfg                     0x000311f1   Thumb Code    18  app_lora.o(i.u_fs_check_lorab_cfg)
    u_fs_init                                0x00031209   Thumb Code    26  app_lora.o(i.u_fs_init)
    u_fs_read_lorab_cfg                      0x0003122d   Thumb Code    30  app_lora.o(i.u_fs_read_lorab_cfg)
    u_fs_write_lorab_cfg                     0x00031251   Thumb Code   104  app_lora.o(i.u_fs_write_lorab_cfg)
    uart_event_handle                        0x000312d9   Thumb Code    94  main.o(i.uart_event_handle)
    wait_for_flash_ready                     0x00031763   Thumb Code    20  app_lora.o(i.wait_for_flash_ready)
    rtc                                      0x000319ac   Data           8  rtc-board.o(.constdata)
    Radio                                    0x000319b4   Data          92  sx1276-board.o(.constdata)
    SetupArray                               0x00031a18   Data         112  rak_i2c_gps_max7.o(.constdata)
    F6x8                                     0x00031a98   Data         552  rak_i2c_oled.o(.constdata)
    F8X16                                    0x00031cc0   Data        1520  rak_i2c_oled.o(.constdata)
    RadioRegsInit                            0x00032354   Data          48  sx1276.o(.constdata)
    FskBandwidths                            0x00032384   Data         176  sx1276.o(.constdata)
    NmeaDataTypeGPGGA                        0x00032734   Data           6  gps.o(.constdata)
    NmeaDataTypeGPRMC                        0x0003273a   Data           6  gps.o(.constdata)
    nrf_fstorage_sd                          0x00032790   Data          24  nrf_fstorage_sd.o(.constdata)
    m_ram_start                              0x00032988   Data           4  nrf_sdh_ble.o(.constdata)
    __ctype_table                            0x0003299c   Data         129  ctype_o.o(.constdata)
    Region$$Table$$Base                      0x000330d8   Number         0  anon$$obj.o(Region$$Table)
    Region$$Table$$Limit                     0x000330f8   Number         0  anon$$obj.o(Region$$Table)
    log_const_data$$Base                     0x000330f8   Number         0  nrf_ble_gatt.o(log_const_data)
    m_nrf_log_ble_gatt_logs_data_const       0x000330f8   Data           8  nrf_ble_gatt.o(log_const_data)
    m_nrf_log_clock_logs_data_const          0x00033100   Data           8  nrf_drv_clock.o(log_const_data)
    m_nrf_log_gpiote_logs_data_const         0x00033108   Data           8  nrf_drv_gpiote.o(log_const_data)
    m_nrf_log_rtc_logs_data_const            0x00033110   Data           8  nrf_drv_rtc.o(log_const_data)
    m_nrf_log_spi_logs_data_const            0x00033118   Data           8  nrf_drv_spi.o(log_const_data)
    m_nrf_log_twi_logs_data_const            0x00033120   Data           8  nrf_drv_twi.o(log_const_data)
    m_nrf_log_uart_logs_data_const           0x00033128   Data           8  nrf_drv_uart.o(log_const_data)
    m_nrf_log_balloc_logs_data_const         0x00033130   Data           8  nrf_balloc.o(log_const_data)
    m_nrf_log_pwr_mgmt_logs_data_const       0x00033138   Data           8  nrf_pwr_mgmt.o(log_const_data)
    m_nrf_log_app_logs_data_const            0x00033140   Data           8  nrf_log_frontend.o(log_const_data)
    m_nrf_log_nrf_sdh_soc_logs_data_const    0x00033148   Data           8  nrf_sdh_soc.o(log_const_data)
    m_nrf_log_nrf_sdh_logs_data_const        0x00033150   Data           8  nrf_sdh.o(log_const_data)
    m_nrf_log_nrf_sdh_ble_logs_data_const    0x00033158   Data           8  nrf_sdh_ble.o(log_const_data)
    log_const_data$$Limit                    0x00033160   Number         0  nrf_sdh_ble.o(log_const_data)
    sdh_ble_observers0$$Base                 0x00033160   Number         0  ble_conn_state.o(sdh_ble_observers0)
    sdh_ble_observers0$$Limit                0x00033168   Number         0  ble_conn_state.o(sdh_ble_observers0)
    sdh_ble_observers1$$Base                 0x00033168   Number         0  main.o(sdh_ble_observers1)
    sdh_ble_observers1$$Limit                0x00033190   Number         0  ble_conn_params.o(sdh_ble_observers1)
    sdh_ble_observers2$$Base                 0x00033190   Number         0  main.o(sdh_ble_observers2)
    m_req_obs                                0x00033198   Data           8  nrf_fstorage_sd.o(sdh_req_observers0)
    sdh_ble_observers2$$Limit                0x00033198   Number         0  main.o(sdh_ble_observers2)
    sdh_req_observers0$$Base                 0x00033198   Number         0  nrf_fstorage_sd.o(sdh_req_observers0)
    sdh_req_observers0$$Limit                0x000331a0   Number         0  nrf_fstorage_sd.o(sdh_req_observers0)
    sdh_soc_observers0$$Base                 0x000331a0   Number         0  nrf_drv_clock.o(sdh_soc_observers0)
    sdh_soc_observers0$$Limit                0x000331b0   Number         0  nrf_fstorage_sd.o(sdh_soc_observers0)
    sdh_soc_observers1$$Base                 0x000331b0   Number         0  main.o(sdh_soc_observers1)
    sdh_soc_observers1$$Limit                0x000331b8   Number         0  main.o(sdh_soc_observers1)
    sdh_stack_observers0$$Base               0x000331b8   Number         0  nrf_sdh_soc.o(sdh_stack_observers0)
    sdh_stack_observers0$$Limit              0x000331c8   Number         0  nrf_sdh_ble.o(sdh_stack_observers0)
    sdh_state_observers0$$Base               0x000331c8   Number         0  nrf_drv_clock.o(sdh_state_observers0)
    sdh_state_observers0$$Limit              0x000331d8   Number         0  nrf_fstorage_sd.o(sdh_state_observers0)
    Image$$RW_IRAM1$$Base                    0x20002a68   Number         0  anon$$obj.o ABSOLUTE
    loraconfigupdataflg                      0x20002a68   Data           1  main.o(.data)
    readgpsdatastreamflag                    0x20002a69   Data           1  main.o(.data)
    readHTdatastreamflag                     0x20002a6a   Data           1  main.o(.data)
    read3DHdatastreamflag                    0x20002a6b   Data           1  main.o(.data)
    SECOND_TICK                              0x20002a78   Data           4  main.o(.data)
    SystemCoreClock                          0x20002a84   Data           4  system_nrf52.o(.data)
    lora_cfg                                 0x20002a90   Data           4  app_lora.o(.data)
    LoRaMacCallbacks                         0x20002a98   Data           4  app_lora.o(.data)
    Led1                                     0x20002ac4   Data           8  board.o(.data)
    Led2                                     0x20002acc   Data           8  board.o(.data)
    AntSwitchHf                              0x20002ae0   Data           8  sx1276-board.o(.data)
    LoRaMacFlags                             0x20002b0a   Data           1  loramac.o(.data)
    LoRaMacState                             0x20002b28   Data           4  loramac.o(.data)
    TxTimeOnAir                              0x20002b2c   Data           4  loramac.o(.data)
    DioIrq                                   0x20002b90   Data          24  sx1276.o(.data)
    PpsDetected                              0x20002ba8   Data           1  gps.o(.data)
    __stdout                                 0x20002c10   Data           4  retarget.o(.data)
    fs_data$$Base                            0x20002c40   Number         0  app_lora.o(fs_data)
    fstorage                                 0x20002c40   Data          20  app_lora.o(fs_data)
    m_fs                                     0x20002c54   Data          20  fds.o(fs_data)
    fs_data$$Limit                           0x20002c68   Number         0  fds.o(fs_data)
    log_dynamic_data$$Base                   0x20002c68   Number         0  nrf_ble_gatt.o(log_dynamic_data)
    m_nrf_log_ble_gatt_logs_data_dynamic     0x20002c68   Data          12  nrf_ble_gatt.o(log_dynamic_data)
    m_nrf_log_clock_logs_data_dynamic        0x20002c74   Data          12  nrf_drv_clock.o(log_dynamic_data)
    m_nrf_log_gpiote_logs_data_dynamic       0x20002c80   Data          12  nrf_drv_gpiote.o(log_dynamic_data)
    m_nrf_log_rtc_logs_data_dynamic          0x20002c8c   Data          12  nrf_drv_rtc.o(log_dynamic_data)
    m_nrf_log_spi_logs_data_dynamic          0x20002c98   Data          12  nrf_drv_spi.o(log_dynamic_data)
    m_nrf_log_twi_logs_data_dynamic          0x20002ca4   Data          12  nrf_drv_twi.o(log_dynamic_data)
    m_nrf_log_uart_logs_data_dynamic         0x20002cb0   Data          12  nrf_drv_uart.o(log_dynamic_data)
    m_nrf_log_balloc_logs_data_dynamic       0x20002cbc   Data          12  nrf_balloc.o(log_dynamic_data)
    m_nrf_log_pwr_mgmt_logs_data_dynamic     0x20002cc8   Data          12  nrf_pwr_mgmt.o(log_dynamic_data)
    m_nrf_log_app_logs_data_dynamic          0x20002cd4   Data          12  nrf_log_frontend.o(log_dynamic_data)
    m_nrf_log_nrf_sdh_soc_logs_data_dynamic  0x20002ce0   Data          12  nrf_sdh_soc.o(log_dynamic_data)
    m_nrf_log_nrf_sdh_logs_data_dynamic      0x20002cec   Data          12  nrf_sdh.o(log_dynamic_data)
    m_nrf_log_nrf_sdh_ble_logs_data_dynamic  0x20002cf8   Data          12  nrf_sdh_ble.o(log_dynamic_data)
    g_lorab_cfg                              0x20003164   Data          72  main.o(.bss)
    per_data                                 0x200031b0   Data          48  main.o(.bss)
    ComplianceTest                           0x2000334c   Data          20  app_lora.o(.bss)
    LoRaMacPrimitives                        0x20003360   Data          12  app_lora.o(.bss)
    mibReq                                   0x2000336c   Data          12  app_lora.o(.bss)
    Gps                                      0x20003406   Data          56  rak_i2c_gps_max7.o(.bss)
    GpsDataBuffer                            0x20003506   Data         512  rak_i2c_gps_max7.o(.bss)
    StringText                               0x20003706   Data         100  rak_i2c_gps_max7.o(.bss)
    LoRaMacParams                            0x20003a8c   Data          56  loramac.o(.bss)
    LoRaMacParamsDefaults                    0x20003ac4   Data          56  loramac.o(.bss)
    SX1276                                   0x200042f0   Data         192  sx1276.o(.bss)
    TxTimeoutTimer                           0x200043b0   Data          40  sx1276.o(.bss)
    RxTimeoutTimer                           0x200043d8   Data          40  sx1276.o(.bss)
    RxTimeoutSyncWord                        0x20004400   Data          40  sx1276.o(.bss)
    NmeaGpsData                              0x20004428   Data          99  gps.o(.bss)
    nrf_nvic_state                           0x200047c8   Data          12  app_util_platform.o(.bss)
    __initial_sp                             0x20006dc0   Data           0  arm_startup_nrf52.o(STACK)



==============================================================================

Memory Map of the image

  Image Entry point : 0x00023201

  Load Region LR_IROM1 (Base: 0x00023000, Size: 0x00010474, Max: 0x0005d000, ABSOLUTE, COMPRESSED[0x00010254])

    Execution Region ER_IROM1 (Base: 0x00023000, Size: 0x000101d8, Max: 0x0005d000, ABSOLUTE)

    Base Addr    Size         Type   Attr      Idx    E Section Name        Object

    0x00023000   0x00000200   Data   RO          661    RESET               arm_startup_nrf52.o
    0x00023200   0x00000000   Code   RO         8860  * .ARM.Collect$$$$00000000  mc_w.l(entry.o)
    0x00023200   0x00000004   Code   RO         9198    .ARM.Collect$$$$00000001  mc_w.l(entry2.o)
    0x00023204   0x00000004   Code   RO         9201    .ARM.Collect$$$$00000004  mc_w.l(entry5.o)
    0x00023208   0x00000000   Code   RO         9203    .ARM.Collect$$$$00000008  mc_w.l(entry7b.o)
    0x00023208   0x00000000   Code   RO         9205    .ARM.Collect$$$$0000000A  mc_w.l(entry8b.o)
    0x00023208   0x00000008   Code   RO         9206    .ARM.Collect$$$$0000000B  mc_w.l(entry9a.o)
    0x00023210   0x00000000   Code   RO         9208    .ARM.Collect$$$$0000000D  mc_w.l(entry10a.o)
    0x00023210   0x00000000   Code   RO         9210    .ARM.Collect$$$$0000000F  mc_w.l(entry11a.o)
    0x00023210   0x00000004   Code   RO         9199    .ARM.Collect$$$$00002712  mc_w.l(entry2.o)
    0x00023214   0x0000009a   Code   RO         7261    .emb_text           nrf_memobj.o
    0x000232ae   0x00000002   PAD
    0x000232b0   0x0000009a   Code   RO         8113    .emb_text           nrf_log_frontend.o
    0x0002334a   0x00000002   PAD
    0x0002334c   0x00000024   Code   RO          662    .text               arm_startup_nrf52.o
    0x00023370   0x00000062   Code   RO         8863    .text               mc_w.l(uldiv.o)
    0x000233d2   0x00000002   PAD
    0x000233d4   0x00000008   Code   RO         8865    .text               mc_w.l(ctype_o.o)
    0x000233dc   0x0000000c   Code   RO         8893    .text               mc_w.l(toupper.o)
    0x000233e8   0x00000024   Code   RO         8895    .text               mc_w.l(memcpya.o)
    0x0002340c   0x00000024   Code   RO         8897    .text               mc_w.l(memseta.o)
    0x00023430   0x00000014   Code   RO         8899    .text               mc_w.l(strchr.o)
    0x00023444   0x0000000e   Code   RO         8901    .text               mc_w.l(strlen.o)
    0x00023452   0x0000001c   Code   RO         8903    .text               mc_w.l(strcmp.o)
    0x0002346e   0x0000001e   Code   RO         8907    .text               mc_w.l(strncmp.o)
    0x0002348c   0x00000072   Code   RO         9172    .text               mc_w.l(strtoul.o)
    0x000234fe   0x0000001a   Code   RO         9174    .text               mc_w.l(atoi.o)
    0x00023518   0x0000014e   Code   RO         9176    .text               mf_w.l(dadd.o)
    0x00023666   0x000000e4   Code   RO         9178    .text               mf_w.l(dmul.o)
    0x0002374a   0x000000de   Code   RO         9180    .text               mf_w.l(ddiv.o)
    0x00023828   0x00000022   Code   RO         9184    .text               mf_w.l(dflti.o)
    0x0002384a   0x0000001a   Code   RO         9186    .text               mf_w.l(dfltui.o)
    0x00023864   0x0000003e   Code   RO         9188    .text               mf_w.l(dfixi.o)
    0x000238a2   0x00000032   Code   RO         9190    .text               mf_w.l(dfixui.o)
    0x000238d4   0x00000026   Code   RO         9192    .text               mf_w.l(f2d.o)
    0x000238fa   0x00000002   PAD
    0x000238fc   0x00000030   Code   RO         9194    .text               mf_w.l(cdcmple.o)
    0x0002392c   0x00000030   Code   RO         9196    .text               mf_w.l(cdrcmple.o)
    0x0002395c   0x0000002c   Code   RO         9212    .text               mc_w.l(uidiv.o)
    0x00023988   0x0000001e   Code   RO         9214    .text               mc_w.l(llshl.o)
    0x000239a6   0x00000020   Code   RO         9216    .text               mc_w.l(llushr.o)
    0x000239c6   0x00000024   Code   RO         9218    .text               mc_w.l(llsshr.o)
    0x000239ea   0x0000009e   Code   RO         9227    .text               mc_w.l(_strtoul.o)
    0x00023a88   0x00000070   Code   RO         9229    .text               mc_w.l(strtol.o)
    0x00023af8   0x00000000   Code   RO         9231    .text               mc_w.l(iusefp.o)
    0x00023af8   0x000000ba   Code   RO         9232    .text               mf_w.l(depilogue.o)
    0x00023bb2   0x00000002   PAD
    0x00023bb4   0x00000088   Code   RO         9234    .text               mf_w.l(drnd.o)
    0x00023c3c   0x00000030   Code   RO         9236    .text               mf_w.l(dfixul.o)
    0x00023c6c   0x00000024   Code   RO         9238    .text               mc_w.l(init.o)
    0x00023c90   0x0000001c   Code   RO         9240    .text               mc_w.l(_chval.o)
    0x00023cac   0x0000003a   Code   RO         9250    .text               mc_w.l(__dczerorl.o)
    0x00023ce6   0x00000140   Code   RO         4680    i.AES_CMAC_Final    cmac.o
    0x00023e26   0x00000022   Code   RO         4681    i.AES_CMAC_Init     cmac.o
    0x00023e48   0x0000000c   Code   RO         4682    i.AES_CMAC_SetKey   cmac.o
    0x00023e54   0x000000ae   Code   RO         4683    i.AES_CMAC_Update   cmac.o
    0x00023f02   0x00000002   PAD
    0x00023f04   0x00000098   Code   RO         2141    i.AddMacCommand     loramac.o
    0x00023f9c   0x00000010   Code   RO          828    i.BoardDisableIrq   board.o
    0x00023fac   0x00000014   Code   RO          829    i.BoardEnableIrq    board.o
    0x00023fc0   0x00000054   Code   RO          830    i.BoardGetBatteryLevel  board.o
    0x00024014   0x00000018   Code   RO          834    i.BoardInitMcu      board.o
    0x0002402c   0x00000040   Code   RO          835    i.BoardInitPeriph   board.o
    0x0002406c   0x00000044   Code   RO         2142    i.CalculateBackOff  loramac.o
    0x000240b0   0x00000096   Code   RO         3556    i.CountNbOfEnabledChannels  regionus915.o
    0x00024146   0x0000000a   Code   RO         1259    i.DelayMs           utilities.o
    0x00024150   0x00000174   Code   RO         5713    i.GPIOTE_IRQHandler  nrf_drv_gpiote.o
    0x000242c4   0x0000002c   Code   RO         3557    i.GetBandwidth      regionus915.o
    0x000242f0   0x00000014   Code   RO          837    i.GetBoardPowerSource  board.o
    0x00024304   0x0000002c   Code   RO         4401    i.GetFskBandwidthRegValue  sx1276.o
    0x00024330   0x0000002c   Code   RO          942    i.GpioDeinit        gpio-board.o
    0x0002435c   0x00000074   Code   RO          943    i.GpioInit          gpio-board.o
    0x000243d0   0x00000084   Code   RO          946    i.GpioSetInterrupt  gpio-board.o
    0x00024454   0x00000016   Code   RO          947    i.GpioToggle        gpio-board.o
    0x0002446a   0x0000001c   Code   RO          948    i.GpioWrite         gpio-board.o
    0x00024486   0x00000002   PAD
    0x00024488   0x0000025c   Code   RO         4712    i.GpsConvertPositionFromStringToNumerical  gps.o
    0x000246e4   0x000000bc   Code   RO         4713    i.GpsConvertPositionIntoBinary  gps.o
    0x000247a0   0x00000058   Code   RO         4714    i.GpsFormatGpsData  gps.o
    0x000247f8   0x00000048   Code   RO         4715    i.GpsGetLatestGpsAltitude  gps.o
    0x00024840   0x0000004c   Code   RO         4717    i.GpsGetLatestGpsPositionDouble  gps.o
    0x0002488c   0x00000046   Code   RO         4720    i.GpsNmeaChecksum   gps.o
    0x000248d2   0x00000002   PAD
    0x000248d4   0x0000041c   Code   RO         4721    i.GpsParseGpsData   gps.o
    0x00024cf0   0x00000028   Code   RO         4722    i.GpsResetPosition  gps.o
    0x00024d18   0x00000012   Code   RO         1843    i.Gps_Gpio_Init     rak_i2c_gps_max7.o
    0x00024d2a   0x00000066   Code   RO         1469    i.LIS3DH_GetAccAxesRaw  lis3dh_driver.o
    0x00024d90   0x00000010   Code   RO         1487    i.LIS3DH_ReadReg    lis3dh_driver.o
    0x00024da0   0x00000030   Code   RO         1490    i.LIS3DH_SetAxis    lis3dh_driver.o
    0x00024dd0   0x00000030   Code   RO         1499    i.LIS3DH_SetFullScale  lis3dh_driver.o
    0x00024e00   0x000000ac   Code   RO         1509    i.LIS3DH_SetMode    lis3dh_driver.o
    0x00024eac   0x00000030   Code   RO         1510    i.LIS3DH_SetODR     lis3dh_driver.o
    0x00024edc   0x00000010   Code   RO         1516    i.LIS3DH_WriteReg   lis3dh_driver.o
    0x00024eec   0x00000032   Code   RO         3558    i.LimitTxPower      regionus915.o
    0x00024f1e   0x00000002   PAD
    0x00024f20   0x00000080   Code   RO         2385    i.LoRaMacComputeMic  loramaccrypto.o
    0x00024fa0   0x00000274   Code   RO         2145    i.LoRaMacInitialization  loramac.o
    0x00025214   0x00000048   Code   RO         2386    i.LoRaMacJoinComputeMic  loramaccrypto.o
    0x0002525c   0x0000008c   Code   RO         2387    i.LoRaMacJoinComputeSKeys  loramaccrypto.o
    0x000252e8   0x00000048   Code   RO         2388    i.LoRaMacJoinDecrypt  loramaccrypto.o
    0x00025330   0x00000128   Code   RO         2146    i.LoRaMacMcpsRequest  loramac.o
    0x00025458   0x000000f0   Code   RO         2147    i.LoRaMacMibGetRequestConfirm  loramac.o
    0x00025548   0x0000025c   Code   RO         2148    i.LoRaMacMibSetRequestConfirm  loramac.o
    0x000257a4   0x00000134   Code   RO         2149    i.LoRaMacMlmeRequest  loramac.o
    0x000258d8   0x00000012   Code   RO         2389    i.LoRaMacPayloadDecrypt  loramaccrypto.o
    0x000258ea   0x00000002   PAD
    0x000258ec   0x000000d0   Code   RO         2390    i.LoRaMacPayloadEncrypt  loramaccrypto.o
    0x000259bc   0x000000c8   Code   RO         2152    i.LoRaMacQueryTxPossible  loramac.o
    0x00025a84   0x00000024   Code   RO         1847    i.Max7GpsReadDataStream  rak_i2c_gps_max7.o
    0x00025aa8   0x00000054   Code   RO         1848    i.Max7GpsReadRegister  rak_i2c_gps_max7.o
    0x00025afc   0x0000002c   Code   RO         1849    i.Max7GpsWriteSetupOK  rak_i2c_gps_max7.o
    0x00025b28   0x0000000c   Code   RO          704    i.McpsConfirm       app_lora.o
    0x00025b34   0x000001c8   Code   RO          705    i.McpsIndication    app_lora.o
    0x00025cfc   0x00000074   Code   RO          706    i.MlmeConfirm       app_lora.o
    0x00025d70   0x00000016   Code   RO         7827    i.NVIC_ClearPendingIRQ  app_timer.o
    0x00025d86   0x00000016   Code   RO         7828    i.NVIC_EnableIRQ    app_timer.o
    0x00025d9c   0x00000016   Code   RO         7829    i.NVIC_SetPendingIRQ  app_timer.o
    0x00025db2   0x00000020   Code   RO         7830    i.NVIC_SetPriority  app_timer.o
    0x00025dd2   0x00000016   Code   RO         1260    i.Nibble2HexChar    utilities.o
    0x00025de8   0x00000006   Code   RO         2046    i.OLED_CLS          rak_i2c_oled.o
    0x00025dee   0x00000002   PAD
    0x00025df0   0x00000038   Code   RO         2048    i.OLED_Fill         rak_i2c_oled.o
    0x00025e28   0x000000b8   Code   RO         2049    i.OLED_Init         rak_i2c_oled.o
    0x00025ee0   0x00000026   Code   RO         2052    i.OLED_SetPos       rak_i2c_oled.o
    0x00025f06   0x00000002   PAD
    0x00025f08   0x000000d8   Code   RO         2054    i.OLED_ShowStr      rak_i2c_oled.o
    0x00025fe0   0x00000038   Code   RO         2157    i.OnAckTimeoutTimerEvent  loramac.o
    0x00026018   0x00000020   Code   RO          707    i.OnLed1TimerEvent  app_lora.o
    0x00026038   0x0000001c   Code   RO          708    i.OnLed2TimerEvent  app_lora.o
    0x00026054   0x0000022c   Code   RO         2158    i.OnMacStateCheckTimerEvent  loramac.o
    0x00026280   0x00000510   Code   RO         2159    i.OnRadioRxDone     loramac.o
    0x00026790   0x0000005c   Code   RO         2160    i.OnRadioRxError    loramac.o
    0x000267ec   0x00000080   Code   RO         2161    i.OnRadioRxTimeout  loramac.o
    0x0002686c   0x00000114   Code   RO         2162    i.OnRadioTxDone     loramac.o
    0x00026980   0x0000003c   Code   RO         2163    i.OnRadioTxTimeout  loramac.o
    0x000269bc   0x00000098   Code   RO         2164    i.OnRxWindow1TimerEvent  loramac.o
    0x00026a54   0x00000094   Code   RO         2165    i.OnRxWindow2TimerEvent  loramac.o
    0x00026ae8   0x0000006c   Code   RO         2166    i.OnTxDelayedTimerEvent  loramac.o
    0x00026b54   0x00000038   Code   RO          709    i.OnTxNextPacketTimerEvent  app_lora.o
    0x00026b8c   0x00000058   Code   RO         5515    i.POWER_CLOCK_IRQHandler  nrf_drv_clock.o
    0x00026be4   0x0000004e   Code   RO         2167    i.ParseMacCommandsToRepeat  loramac.o
    0x00026c32   0x00000002   PAD
    0x00026c34   0x000002a0   Code   RO         2168    i.PrepareFrame      loramac.o
    0x00026ed4   0x0000003c   Code   RO         2169    i.PrepareRxDoneAbort  loramac.o
    0x00026f10   0x000002fc   Code   RO          710    i.PrepareTxFrame    app_lora.o
    0x0002720c   0x000002f8   Code   RO         2170    i.ProcessMacCommands  loramac.o
    0x00027504   0x00000024   Code   RO         7831    i.RTC1_IRQHandler   app_timer.o
    0x00027528   0x00000010   Code   RO         5953    i.RTC2_IRQHandler   nrf_drv_rtc.o
    0x00027538   0x00000020   Code   RO         2438    i.RegionAdrNext     region.o
    0x00027558   0x0000000e   Code   RO         2439    i.RegionAlternateDr  region.o
    0x00027566   0x0000000c   Code   RO         2440    i.RegionApplyCFList  region.o
    0x00027572   0x0000001c   Code   RO         2441    i.RegionApplyDrOffset  region.o
    0x0002758e   0x0000000c   Code   RO         2442    i.RegionCalcBackOff  region.o
    0x0002759a   0x0000000e   Code   RO         2443    i.RegionChanMaskSet  region.o
    0x000275a8   0x00000060   Code   RO         2941    i.RegionCommonCalcBackOff  regioncommon.o
    0x00027608   0x00000028   Code   RO         2942    i.RegionCommonChanDisable  regioncommon.o
    0x00027630   0x00000022   Code   RO         2943    i.RegionCommonChanMaskCopy  regioncommon.o
    0x00027652   0x00000068   Code   RO         2944    i.RegionCommonChanVerifyDr  regioncommon.o
    0x000276ba   0x00000002   PAD
    0x000276bc   0x00000118   Code   RO         2945    i.RegionCommonComputeRxWindowParameters  regioncommon.o
    0x000277d4   0x00000040   Code   RO         2947    i.RegionCommonComputeSymbolTimeLoRa  regioncommon.o
    0x00027814   0x00000030   Code   RO         2948    i.RegionCommonComputeTxPower  regioncommon.o
    0x00027844   0x00000044   Code   RO         2949    i.RegionCommonCountChannels  regioncommon.o
    0x00027888   0x00000024   Code   RO         2950    i.RegionCommonGetJoinDc  regioncommon.o
    0x000278ac   0x00000092   Code   RO         2951    i.RegionCommonLinkAdrReqVerifyParams  regioncommon.o
    0x0002793e   0x00000036   Code   RO         2952    i.RegionCommonParseLinkAdrReq  regioncommon.o
    0x00027974   0x0000000a   Code   RO         2953    i.RegionCommonSetBandTxDone  regioncommon.o
    0x0002797e   0x000000ba   Code   RO         2954    i.RegionCommonUpdateBandTimeOff  regioncommon.o
    0x00027a38   0x00000010   Code   RO         2955    i.RegionCommonValueInRange  regioncommon.o
    0x00027a48   0x0000001e   Code   RO         2446    i.RegionComputeRxWindowParameters  region.o
    0x00027a66   0x0000000e   Code   RO         2447    i.RegionDlChannelReq  region.o
    0x00027a74   0x00000010   Code   RO         2448    i.RegionGetPhyParam  region.o
    0x00027a84   0x0000000c   Code   RO         2449    i.RegionInitDefaults  region.o
    0x00027a90   0x0000000c   Code   RO         2450    i.RegionIsActive    region.o
    0x00027a9c   0x00000022   Code   RO         2451    i.RegionLinkAdrReq  region.o
    0x00027abe   0x0000000e   Code   RO         2452    i.RegionNewChannelReq  region.o
    0x00027acc   0x00000020   Code   RO         2453    i.RegionNextChannel  region.o
    0x00027aec   0x00000012   Code   RO         2454    i.RegionRxConfig    region.o
    0x00027afe   0x0000000e   Code   RO         2455    i.RegionRxParamSetupReq  region.o
    0x00027b0c   0x0000000c   Code   RO         2456    i.RegionSetBandTxDone  region.o
    0x00027b18   0x0000000c   Code   RO         2457    i.RegionSetContinuousWave  region.o
    0x00027b24   0x0000001c   Code   RO         2458    i.RegionTxConfig    region.o
    0x00027b40   0x0000000e   Code   RO         2459    i.RegionTxParamSetupReq  region.o
    0x00027b4e   0x00000002   PAD
    0x00027b50   0x00000088   Code   RO         3559    i.RegionUS915AdrNext  regionus915.o
    0x00027bd8   0x0000000e   Code   RO         3560    i.RegionUS915AlternateDr  regionus915.o
    0x00027be6   0x00000002   Code   RO         3561    i.RegionUS915ApplyCFList  regionus915.o
    0x00027be8   0x00000018   Code   RO         3562    i.RegionUS915ApplyDrOffset  regionus915.o
    0x00027c00   0x00000040   Code   RO         3563    i.RegionUS915CalcBackOff  regionus915.o
    0x00027c40   0x0000005c   Code   RO         3564    i.RegionUS915ChanMaskSet  regionus915.o
    0x00027c9c   0x00000044   Code   RO         3567    i.RegionUS915ComputeRxWindowParameters  regionus915.o
    0x00027ce0   0x00000004   Code   RO         3568    i.RegionUS915DlChannelReq  regionus915.o
    0x00027ce4   0x000000cc   Code   RO         3569    i.RegionUS915GetPhyParam  regionus915.o
    0x00027db0   0x000000d0   Code   RO         3570    i.RegionUS915InitDefaults  regionus915.o
    0x00027e80   0x00000188   Code   RO         3571    i.RegionUS915LinkAdrReq  regionus915.o
    0x00028008   0x00000004   Code   RO         3572    i.RegionUS915NewChannelReq  regionus915.o
    0x0002800c   0x000000d4   Code   RO         3573    i.RegionUS915NextChannel  regionus915.o
    0x000280e0   0x000000ac   Code   RO         3574    i.RegionUS915RxConfig  regionus915.o
    0x0002818c   0x00000088   Code   RO         3575    i.RegionUS915RxParamSetupReq  regionus915.o
    0x00028214   0x00000024   Code   RO         3576    i.RegionUS915SetBandTxDone  regionus915.o
    0x00028238   0x00000064   Code   RO         3577    i.RegionUS915SetContinuousWave  regionus915.o
    0x0002829c   0x000000c0   Code   RO         3578    i.RegionUS915TxConfig  regionus915.o
    0x0002835c   0x00000006   Code   RO         3579    i.RegionUS915TxParamSetupReq  regionus915.o
    0x00028362   0x0000005c   Code   RO         3580    i.RegionUS915Verify  regionus915.o
    0x000283be   0x00000012   Code   RO         2460    i.RegionVerify      region.o
    0x000283d0   0x00000084   Code   RO         2171    i.ResetMacParameters  loramac.o
    0x00028454   0x0000004c   Code   RO         1006    i.RtcInit           rtc-board.o
    0x000284a0   0x0000009c   Code   RO         4402    i.RxChainCalibration  sx1276.o
    0x0002853c   0x00000018   Code   RO         2172    i.RxWindowSetup     loramac.o
    0x00028554   0x0000004c   Code   RO         6064    i.SPIM0_SPIS0_TWIM0_TWIS0_SPI0_TWI0_IRQHandler  nrf_drv_spi.o
    0x000285a0   0x00000010   Code   RO         6174    i.SPIM1_SPIS1_TWIM1_TWIS1_SPI1_TWI1_IRQHandler  nrf_drv_twi.o
    0x000285b0   0x00000004   Code   RO         7832    i.SWI0_EGU0_IRQHandler  app_timer.o
    0x000285b4   0x00000004   Code   RO         8683    i.SWI2_EGU2_IRQHandler  nrf_sdh.o
    0x000285b8   0x0000001c   Code   RO         1110    i.SX1276AntSwInit   sx1276-board.o
    0x000285d4   0x00000004   Code   RO         1111    i.SX1276CheckRfFrequency  sx1276-board.o
    0x000285d8   0x0000000c   Code   RO         4403    i.SX1276GetStatus   sx1276.o
    0x000285e4   0x00000274   Code   RO         4404    i.SX1276GetTimeOnAir  sx1276.o
    0x00028858   0x0000007c   Code   RO         4405    i.SX1276Init        sx1276.o
    0x000288d4   0x00000098   Code   RO         1114    i.SX1276IoInit      sx1276-board.o
    0x0002896c   0x00000044   Code   RO         1115    i.SX1276IoIrqInit   sx1276-board.o
    0x000289b0   0x0000004e   Code   RO         4406    i.SX1276IsChannelFree  sx1276.o
    0x000289fe   0x00000002   PAD
    0x00028a00   0x00000260   Code   RO         4407    i.SX1276OnDio0Irq   sx1276.o
    0x00028c60   0x000000dc   Code   RO         4408    i.SX1276OnDio1Irq   sx1276.o
    0x00028d3c   0x000000d0   Code   RO         4409    i.SX1276OnDio2Irq   sx1276.o
    0x00028e0c   0x0000005c   Code   RO         4410    i.SX1276OnDio3Irq   sx1276.o
    0x00028e68   0x00000020   Code   RO         4411    i.SX1276OnDio4Irq   sx1276.o
    0x00028e88   0x000000e4   Code   RO         4413    i.SX1276OnTimeoutIrq  sx1276.o
    0x00028f6c   0x0000003e   Code   RO         4414    i.SX1276Random      sx1276.o
    0x00028faa   0x00000002   PAD
    0x00028fac   0x00000018   Code   RO         4415    i.SX1276Read        sx1276.o
    0x00028fc4   0x00000010   Code   RO         4416    i.SX1276ReadBuffer  sx1276.o
    0x00028fd4   0x00000010   Code   RO         4417    i.SX1276ReadFifo    sx1276.o
    0x00028fe4   0x00000040   Code   RO         4418    i.SX1276ReadRssi    sx1276.o
    0x00029024   0x0000003c   Code   RO         4419    i.SX1276Reset       sx1276.o
    0x00029060   0x000000f8   Code   RO         4420    i.SX1276Send        sx1276.o
    0x00029158   0x00000014   Code   RO         1116    i.SX1276SetAntSw    sx1276-board.o
    0x0002916c   0x0000001c   Code   RO         1117    i.SX1276SetAntSwLowPower  sx1276-board.o
    0x00029188   0x00000048   Code   RO         4421    i.SX1276SetChannel  sx1276.o
    0x000291d0   0x00000034   Code   RO         4422    i.SX1276SetMaxPayloadLength  sx1276.o
    0x00029204   0x00000078   Code   RO         4423    i.SX1276SetModem    sx1276.o
    0x0002927c   0x00000030   Code   RO         4424    i.SX1276SetOpMode   sx1276.o
    0x000292ac   0x00000028   Code   RO         4425    i.SX1276SetPublicNetwork  sx1276.o
    0x000292d4   0x0000008e   Code   RO         1118    i.SX1276SetRfTxPower  sx1276-board.o
    0x00029362   0x00000002   PAD
    0x00029364   0x000001fc   Code   RO         4426    i.SX1276SetRx       sx1276.o
    0x00029560   0x000002d4   Code   RO         4427    i.SX1276SetRxConfig  sx1276.o
    0x00029834   0x00000028   Code   RO         4428    i.SX1276SetSleep    sx1276.o
    0x0002985c   0x00000028   Code   RO         4429    i.SX1276SetStby     sx1276.o
    0x00029884   0x000000a0   Code   RO         4430    i.SX1276SetTx       sx1276.o
    0x00029924   0x0000021c   Code   RO         4431    i.SX1276SetTxConfig  sx1276.o
    0x00029b40   0x00000080   Code   RO         4432    i.SX1276SetTxContinuousWave  sx1276.o
    0x00029bc0   0x00000040   Code   RO         4433    i.SX1276StartCad    sx1276.o
    0x00029c00   0x00000014   Code   RO         4434    i.SX1276Write       sx1276.o
    0x00029c14   0x00000010   Code   RO         4435    i.SX1276WriteBuffer  sx1276.o
    0x00029c24   0x00000010   Code   RO         4436    i.SX1276WriteFifo   sx1276.o
    0x00029c34   0x00000100   Code   RO         2173    i.ScheduleTx        loramac.o
    0x00029d34   0x00000040   Code   RO         2174    i.Send              loramac.o
    0x00029d74   0x00000070   Code   RO          711    i.SendFrame         app_lora.o
    0x00029de4   0x000000a8   Code   RO         2175    i.SendFrameOnChannel  loramac.o
    0x00029e8c   0x00000060   Code   RO         2176    i.SetTxContinuousWave  loramac.o
    0x00029eec   0x0000003c   Code   RO         2177    i.SetTxContinuousWave1  loramac.o
    0x00029f28   0x00000048   Code   RO         1375    i.Sht31_readMeasurement_ft  rak_i2c_sht31.o
    0x00029f70   0x00000064   Code   RO         1376    i.Sht31_readMeasurement_uint16_t_scale100  rak_i2c_sht31.o
    0x00029fd4   0x00000020   Code   RO         1377    i.Sht31_startMeasurementHighResolution  rak_i2c_sht31.o
    0x00029ff4   0x0000004e   Code   RO         1072    i.SpiIn             spi-board.o
    0x0002a042   0x00000002   PAD
    0x0002a044   0x00000050   Code   RO         1073    i.SpiInit           spi-board.o
    0x0002a094   0x0000005e   Code   RO         1074    i.SpiOut            spi-board.o
    0x0002a0f2   0x00000002   PAD
    0x0002a0f4   0x00000050   Code   RO         1350    i.StrToHex          utils.o
    0x0002a144   0x000002fc   Code   RO          669    i.SystemInit        system_nrf52.o
    0x0002a440   0x00000004   Code   RO         1196    i.TimerGetCurrentTime  timer.o
    0x0002a444   0x00000014   Code   RO         1197    i.TimerGetElapsedTime  timer.o
    0x0002a458   0x00000020   Code   RO         1198    i.TimerInit         timer.o
    0x0002a478   0x00000002   Code   RO         1199    i.TimerLowPowerHandler  timer.o
    0x0002a47a   0x0000000a   Code   RO         1200    i.TimerSetValue     timer.o
    0x0002a484   0x00000042   Code   RO         1201    i.TimerStart        timer.o
    0x0002a4c6   0x0000001a   Code   RO         1202    i.TimerStop         timer.o
    0x0002a4e0   0x0000001c   Code   RO         6345    i.UARTE0_UART0_IRQHandler  nrf_drv_uart.o
    0x0002a4fc   0x0000004c   Code   RO         2178    i.ValidatePayloadLength  loramac.o
    0x0002a548   0x00000040   Code   RO         2055    i.WriteCmd          rak_i2c_oled.o
    0x0002a588   0x00000010   Code   RO         2056    i.WriteDat          rak_i2c_oled.o
    0x0002a598   0x00000148   Code   RO            3    i.Write_OLED_string  main.o
    0x0002a6e0   0x00000020   Code   RO         9144    i.__0printf         mc_w.l(printfa.o)
    0x0002a700   0x00000028   Code   RO         9146    i.__0sprintf        mc_w.l(printfa.o)
    0x0002a728   0x00000008   Code   RO         9220    i.__aeabi_errno_addr  mc_w.l(errno.o)
    0x0002a730   0x00000118   Code   RO         8844    i.__hardfp_ceil     m_wm.l(ceil.o)
    0x0002a848   0x00000118   Code   RO         8850    i.__hardfp_floor    m_wm.l(floor.o)
    0x0002a960   0x000000e0   Code   RO         8856    i.__hardfp_round    m_wm.l(round.o)
    0x0002aa40   0x0000000e   Code   RO         9244    i.__scatterload_copy  mc_w.l(handlers.o)
    0x0002aa4e   0x00000002   Code   RO         9245    i.__scatterload_null  mc_w.l(handlers.o)
    0x0002aa50   0x0000000e   Code   RO         9246    i.__scatterload_zeroinit  mc_w.l(handlers.o)
    0x0002aa5e   0x00000002   PAD
    0x0002aa60   0x00000024   Code   RO         8684    i.__sd_nvic_app_accessible_irq  nrf_sdh.o
    0x0002aa84   0x00000164   Code   RO         9151    i._fp_digits        mc_w.l(printfa.o)
    0x0002abe8   0x000006dc   Code   RO         9152    i._printf_core      mc_w.l(printfa.o)
    0x0002b2c4   0x00000024   Code   RO         9153    i._printf_post_padding  mc_w.l(printfa.o)
    0x0002b2e8   0x0000002e   Code   RO         9154    i._printf_pre_padding  mc_w.l(printfa.o)
    0x0002b316   0x0000000a   Code   RO         9156    i._sputc            mc_w.l(printfa.o)
    0x0002b320   0x0000000c   Code   RO         6691    i.addr_is_aligned32  nrf_fstorage.o
    0x0002b32c   0x00000018   Code   RO         6692    i.addr_within_bounds  nrf_fstorage.o
    0x0002b344   0x0000004e   Code   RO         4630    i.aes_encrypt       aes.o
    0x0002b392   0x00000002   PAD
    0x0002b394   0x000000f0   Code   RO         4631    i.aes_set_key       aes.o
    0x0002b484   0x00000002   Code   RO          838    i.app_error_fault_handler  board.o
    0x0002b486   0x00000016   Code   RO         7514    i.app_error_handler_bare  app_error.o
    0x0002b49c   0x00000016   Code   RO         6625    i.app_fifo_get      app_fifo.o
    0x0002b4b2   0x00000020   Code   RO         6626    i.app_fifo_init     app_fifo.o
    0x0002b4d2   0x0000001a   Code   RO         6628    i.app_fifo_put      app_fifo.o
    0x0002b4ec   0x00000024   Code   RO         7835    i.app_timer_create  app_timer.o
    0x0002b510   0x00000054   Code   RO         7836    i.app_timer_init    app_timer.o
    0x0002b564   0x00000088   Code   RO         7839    i.app_timer_start   app_timer.o
    0x0002b5ec   0x00000020   Code   RO         7840    i.app_timer_stop    app_timer.o
    0x0002b60c   0x00000034   Code   RO         7141    i.app_uart_get      app_uart_fifo.o
    0x0002b640   0x000000b4   Code   RO         7142    i.app_uart_init     app_uart_fifo.o
    0x0002b6f4   0x0000003c   Code   RO         7143    i.app_uart_put      app_uart_fifo.o
    0x0002b730   0x00000048   Code   RO         7569    i.app_util_critical_region_enter  app_util_platform.o
    0x0002b778   0x00000034   Code   RO         7570    i.app_util_critical_region_exit  app_util_platform.o
    0x0002b7ac   0x000000b8   Code   RO         6346    i.apply_config      nrf_drv_uart.o
    0x0002b864   0x00000182   Code   RO         4874    i.ble_advdata_encode  ble_advdata.o
    0x0002b9e6   0x00000068   Code   RO         4875    i.ble_advdata_set   ble_advdata.o
    0x0002ba4e   0x00000006   Code   RO         4806    i.ble_advertising_conn_cfg_tag_set  ble_advertising.o
    0x0002ba54   0x00000136   Code   RO         4807    i.ble_advertising_init  ble_advertising.o
    0x0002bb8a   0x00000068   Code   RO         4809    i.ble_advertising_on_ble_evt  ble_advertising.o
    0x0002bbf2   0x00000032   Code   RO         4810    i.ble_advertising_on_sys_evt  ble_advertising.o
    0x0002bc24   0x000001ca   Code   RO         4813    i.ble_advertising_start  ble_advertising.o
    0x0002bdee   0x00000002   PAD
    0x0002bdf0   0x00000068   Code   RO         4948    i.ble_conn_params_init  ble_conn_params.o
    0x0002be58   0x00000060   Code   RO         4876    i.ble_device_addr_encode  ble_advdata.o
    0x0002beb8   0x00000138   Code   RO            5    i.ble_evt_handler   main.o
    0x0002bff0   0x00000098   Code   RO          595    i.ble_evt_handler   bsp_btn_ble.o
    0x0002c088   0x000000fc   Code   RO         4950    i.ble_evt_handler   ble_conn_params.o
    0x0002c184   0x0000010c   Code   RO         5037    i.ble_evt_handler   ble_conn_state.o
    0x0002c290   0x00000064   Code   RO         5469    i.ble_nus_init      ble_nus.o
    0x0002c2f4   0x0000008c   Code   RO         5470    i.ble_nus_on_ble_evt  ble_nus.o
    0x0002c380   0x00000048   Code   RO         5471    i.ble_nus_string_send  ble_nus.o
    0x0002c3c8   0x00000008   Code   RO         5169    i.ble_srv_is_notification_enabled  ble_srv_common.o
    0x0002c3d0   0x0000001e   Code   RO          596    i.bsp_btn_ble_sleep_mode_prepare  bsp_btn_ble.o
    0x0002c3ee   0x00000004   Code   RO          538    i.bsp_event_to_button_action_assign  bsp.o
    0x0002c3f2   0x00000004   Code   RO          539    i.bsp_indication_set  bsp.o
    0x0002c3f6   0x00000004   Code   RO          542    i.bsp_wakeup_button_enable  bsp.o
    0x0002c3fa   0x00000002   PAD
    0x0002c3fc   0x00000058   Code   RO         8114    i.buf_prealloc      nrf_log_frontend.o
    0x0002c454   0x00000014   Code   RO         8115    i.buffer_is_empty   nrf_log_frontend.o
    0x0002c468   0x0000001c   Code   RO         5714    i.channel_free      nrf_drv_gpiote.o
    0x0002c484   0x00000048   Code   RO         5715    i.channel_port_alloc  nrf_drv_gpiote.o
    0x0002c4cc   0x00000010   Code   RO         5716    i.channel_port_get  nrf_drv_gpiote.o
    0x0002c4dc   0x00000028   Code   RO         5516    i.clock_clk_started_notify  nrf_drv_clock.o
    0x0002c504   0x000000ac   Code   RO         7842    i.compare_reg_update  app_timer.o
    0x0002c5b0   0x00000088   Code   RO         4877    i.conn_int_encode   ble_advdata.o
    0x0002c638   0x00000004   Code   RO            7    i.conn_params_error_handler  main.o
    0x0002c63c   0x00000048   Code   RO         4951    i.conn_params_negotiation  ble_conn_params.o
    0x0002c684   0x00000084   Code   RO         4632    i.copy_and_key      aes.o
    0x0002c708   0x00000042   Code   RO         4633    i.copy_block        aes.o
    0x0002c74a   0x00000002   PAD
    0x0002c74c   0x00000080   Code   RO         6840    i.delete_execute    fds.o
    0x0002c7cc   0x00000030   Code   RO          712    i.dump_hex2str      app_lora.o
    0x0002c7fc   0x00000040   Code   RO         7843    i.elapsed_ticks_acquire  app_timer.o
    0x0002c83c   0x0000003c   Code   RO         6746    i.erase             nrf_fstorage_sd.o
    0x0002c878   0x00000074   Code   RO         6841    i.event_prepare     fds.o
    0x0002c8ec   0x0000004e   Code   RO         6747    i.event_send        nrf_fstorage_sd.o
    0x0002c93a   0x00000002   PAD
    0x0002c93c   0x00000020   Code   RO         6842    i.event_send        fds.o
    0x0002c95c   0x00000014   Code   RO         6631    i.fifo_get          app_fifo.o
    0x0002c970   0x00000012   Code   RO         6632    i.fifo_put          app_fifo.o
    0x0002c982   0x00000002   PAD
    0x0002c984   0x00000010   Code   RO         6862    i.flag_clear        fds.o
    0x0002c994   0x00000010   Code   RO         6863    i.flag_set          fds.o
    0x0002c9a4   0x0000000e   Code   RO         7695    i.fputc             retarget.o
    0x0002c9b2   0x00000006   Code   RO         6864    i.fs_event_handler  fds.o
    0x0002c9b8   0x000000ac   Code   RO          713    i.fstorage_evt_handler  app_lora.o
    0x0002ca64   0x00000054   Code   RO            8    i.gatt_evt_handler  main.o
    0x0002cab8   0x00000030   Code   RO            9    i.gatt_init         main.o
    0x0002cae8   0x00000070   Code   RO         6865    i.gc_execute        fds.o
    0x0002cb58   0x00000048   Code   RO         6866    i.gc_next_page      fds.o
    0x0002cba0   0x0000004c   Code   RO         6867    i.gc_page_erase     fds.o
    0x0002cbec   0x00000034   Code   RO         6868    i.gc_record_copy    fds.o
    0x0002cc20   0x00000024   Code   RO         6869    i.gc_record_find_next  fds.o
    0x0002cc44   0x00000080   Code   RO         6870    i.gc_state_advance  fds.o
    0x0002ccc4   0x0000002c   Code   RO         1853    i.gps_setup         rak_i2c_gps_max7.o
    0x0002ccf0   0x00000016   Code   RO         6871    i.header_is_valid   fds.o
    0x0002cd06   0x00000002   PAD
    0x0002cd08   0x00000018   Code   RO           10    i.i2c_drv_init      main.o
    0x0002cd20   0x00000030   Code   RO         6748    i.init              nrf_fstorage_sd.o
    0x0002cd50   0x000000c0   Code   RO         6872    i.init_execute      fds.o
    0x0002ce10   0x00000014   Code   RO         4952    i.instance_get      ble_conn_params.o
    0x0002ce24   0x00000078   Code   RO         6347    i.interrupts_enable  nrf_drv_uart.o
    0x0002ce9c   0x000000b6   Code   RO         6175    i.irq_handler_twi   nrf_drv_twi.o
    0x0002cf52   0x00000002   PAD
    0x0002cf54   0x00000010   Code   RO         6749    i.is_busy           nrf_fstorage_sd.o
    0x0002cf64   0x00000044   Code   RO         4953    i.is_conn_params_ok  ble_conn_params.o
    0x0002cfa8   0x0000000c   Code   RO         6873    i.is_word_aligned   fds.o
    0x0002cfb4   0x00000028   Code   RO         5519    i.lfclk_stop        nrf_drv_clock.o
    0x0002cfdc   0x00000018   Code   RO         5222    i.link_init         nrf_ble_gatt.o
    0x0002cff4   0x00000018   Code   RO         1991    i.lis3dh_init       rak_i2c_lis3dh.o
    0x0002d00c   0x000000c4   Code   RO         1992    i.lis3dh_setup      rak_i2c_lis3dh.o
    0x0002d0d0   0x000000f8   Code   RO         7844    i.list_insertions_handler  app_timer.o
    0x0002d1c8   0x00000090   Code   RO         8117    i.log_skip          nrf_log_frontend.o
    0x0002d258   0x00000018   Code   RO          714    i.lora_init         app_lora.o
    0x0002d270   0x0000026c   Code   RO          715    i.lora_process      app_lora.o
    0x0002d4dc   0x000001dc   Code   RO           11    i.main              main.o
    0x0002d6b8   0x00000064   Code   RO         4878    i.manuf_specific_data_encode  ble_advdata.o
    0x0002d71c   0x00000014   Code   RO         1261    i.memcpy1           utilities.o
    0x0002d730   0x00000018   Code   RO         1262    i.memcpyr           utilities.o
    0x0002d748   0x00000076   Code   RO         7262    i.memobj_op         nrf_memobj.o
    0x0002d7be   0x00000002   PAD
    0x0002d7c0   0x00000010   Code   RO         1263    i.memset1           utilities.o
    0x0002d7d0   0x0000021c   Code   RO         4634    i.mix_sub_columns   aes.o
    0x0002d9ec   0x00000160   Code   RO           12    i.nRF_BLE_init      main.o
    0x0002db4c   0x00000088   Code   RO           13    i.nRF_hardware_init  main.o
    0x0002dbd4   0x00000040   Code   RO           14    i.nRF_lora_init     main.o
    0x0002dc14   0x0000001e   Code   RO           15    i.nRF_timer_init    main.o
    0x0002dc32   0x0000009c   Code   RO         4879    i.name_encode       ble_advdata.o
    0x0002dcce   0x0000000c   Code   RO         8119    i.nrf_atomic_flag_clear_fetch  nrf_log_frontend.o
    0x0002dcda   0x0000000e   Code   RO         8120    i.nrf_atomic_flag_set  nrf_log_frontend.o
    0x0002dce8   0x00000044   Code   RO         7401    i.nrf_balloc_alloc  nrf_balloc.o
    0x0002dd2c   0x00000030   Code   RO         7402    i.nrf_balloc_free   nrf_balloc.o
    0x0002dd5c   0x00000030   Code   RO         7403    i.nrf_balloc_init   nrf_balloc.o
    0x0002dd8c   0x00000010   Code   RO         5717    i.nrf_bitmask_bit_is_set  nrf_drv_gpiote.o
    0x0002dd9c   0x00000018   Code   RO         5224    i.nrf_ble_gatt_att_mtu_periph_set  nrf_ble_gatt.o
    0x0002ddb4   0x00000022   Code   RO         5228    i.nrf_ble_gatt_init  nrf_ble_gatt.o
    0x0002ddd6   0x00000002   PAD
    0x0002ddd8   0x00000148   Code   RO         5229    i.nrf_ble_gatt_on_ble_evt  nrf_ble_gatt.o
    0x0002df20   0x0000000e   Code   RO         5520    i.nrf_clock_event_check  nrf_drv_clock.o
    0x0002df2e   0x00000010   Code   RO         5521    i.nrf_clock_event_clear  nrf_drv_clock.o
    0x0002df3e   0x00000002   PAD
    0x0002df40   0x0000008c   Code   RO         1264    i.nrf_delay_us      utilities.o
    0x0002dfcc   0x0000008c   Code   RO         1854    i.nrf_delay_us      rak_i2c_gps_max7.o
    0x0002e058   0x0000008c   Code   RO         2057    i.nrf_delay_us      rak_i2c_oled.o
    0x0002e0e4   0x0000008c   Code   RO         6176    i.nrf_delay_us      nrf_drv_twi.o
    0x0002e170   0x0000008c   Code   RO         7845    i.nrf_delay_us      app_timer.o
    0x0002e1fc   0x00000048   Code   RO         5528    i.nrf_drv_clock_init  nrf_drv_clock.o
    0x0002e244   0x0000002c   Code   RO         5532    i.nrf_drv_clock_lfclk_release  nrf_drv_clock.o
    0x0002e270   0x00000038   Code   RO         5681    i.nrf_drv_common_irq_enable  nrf_drv_common.o
    0x0002e2a8   0x00000006   Code   RO         6349    i.nrf_drv_get_IRQn  nrf_drv_uart.o
    0x0002e2ae   0x00000002   PAD
    0x0002e2b0   0x00000048   Code   RO         5721    i.nrf_drv_gpiote_in_event_disable  nrf_drv_gpiote.o
    0x0002e2f8   0x000000a4   Code   RO         5722    i.nrf_drv_gpiote_in_event_enable  nrf_drv_gpiote.o
    0x0002e39c   0x000000b8   Code   RO         5723    i.nrf_drv_gpiote_in_init  nrf_drv_gpiote.o
    0x0002e454   0x00000048   Code   RO         5725    i.nrf_drv_gpiote_in_uninit  nrf_drv_gpiote.o
    0x0002e49c   0x0000005c   Code   RO         5726    i.nrf_drv_gpiote_init  nrf_drv_gpiote.o
    0x0002e4f8   0x0000000e   Code   RO         5728    i.nrf_drv_gpiote_out_clear  nrf_drv_gpiote.o
    0x0002e506   0x00000002   PAD
    0x0002e508   0x000000b8   Code   RO         5729    i.nrf_drv_gpiote_out_init  nrf_drv_gpiote.o
    0x0002e5c0   0x0000000e   Code   RO         5730    i.nrf_drv_gpiote_out_set  nrf_drv_gpiote.o
    0x0002e5ce   0x0000001c   Code   RO         5736    i.nrf_drv_gpiote_out_toggle  nrf_drv_gpiote.o
    0x0002e5ea   0x00000002   PAD
    0x0002e5ec   0x00000044   Code   RO         5737    i.nrf_drv_gpiote_out_uninit  nrf_drv_gpiote.o
    0x0002e630   0x00000010   Code   RO         6065    i.nrf_drv_is_in_RAM  nrf_drv_spi.o
    0x0002e640   0x00000010   Code   RO         6350    i.nrf_drv_is_in_RAM  nrf_drv_uart.o
    0x0002e650   0x0000000c   Code   RO         1994    i.nrf_drv_lis3dh_read_reg  rak_i2c_lis3dh.o
    0x0002e65c   0x00000010   Code   RO         1995    i.nrf_drv_lis3dh_write_reg  rak_i2c_lis3dh.o
    0x0002e66c   0x00000018   Code   RO         5957    i.nrf_drv_rtc_enable  nrf_drv_rtc.o
    0x0002e684   0x00000060   Code   RO         5958    i.nrf_drv_rtc_init  nrf_drv_rtc.o
    0x0002e6e4   0x000000a0   Code   RO         5959    i.nrf_drv_rtc_int_handler  nrf_drv_rtc.o
    0x0002e784   0x00000020   Code   RO         5960    i.nrf_drv_rtc_max_ticks_get  nrf_drv_rtc.o
    0x0002e7a4   0x00000024   Code   RO         5962    i.nrf_drv_rtc_overflow_enable  nrf_drv_rtc.o
    0x0002e7c8   0x00000024   Code   RO         5964    i.nrf_drv_rtc_tick_enable  nrf_drv_rtc.o
    0x0002e7ec   0x00000128   Code   RO         6068    i.nrf_drv_spi_init  nrf_drv_spi.o
    0x0002e914   0x0000001c   Code   RO         6070    i.nrf_drv_spi_transfer  nrf_drv_spi.o
    0x0002e930   0x00000060   Code   RO         6072    i.nrf_drv_spi_xfer  nrf_drv_spi.o
    0x0002e990   0x00000020   Code   RO         6179    i.nrf_drv_twi_enable  nrf_drv_twi.o
    0x0002e9b0   0x00000028   Code   RO         1775    i.nrf_drv_twi_event_handler  rak_i2c_drv.o
    0x0002e9d8   0x0000008c   Code   RO         6180    i.nrf_drv_twi_init  nrf_drv_twi.o
    0x0002ea64   0x00000024   Code   RO         6182    i.nrf_drv_twi_rx    nrf_drv_twi.o
    0x0002ea88   0x00000024   Code   RO         6185    i.nrf_drv_twi_tx    nrf_drv_twi.o
    0x0002eaac   0x0000002c   Code   RO         6187    i.nrf_drv_twi_xfer  nrf_drv_twi.o
    0x0002ead8   0x00000068   Code   RO         6352    i.nrf_drv_uart_init  nrf_drv_uart.o
    0x0002eb40   0x000000b0   Code   RO         6353    i.nrf_drv_uart_rx   nrf_drv_uart.o
    0x0002ebf0   0x00000030   Code   RO         6356    i.nrf_drv_uart_rx_enable  nrf_drv_uart.o
    0x0002ec20   0x000000a8   Code   RO         6357    i.nrf_drv_uart_rx_for_uart  nrf_drv_uart.o
    0x0002ecc8   0x000000b0   Code   RO         6358    i.nrf_drv_uart_rx_for_uarte  nrf_drv_uart.o
    0x0002ed78   0x0000010c   Code   RO         6360    i.nrf_drv_uart_tx   nrf_drv_uart.o
    0x0002ee84   0x00000018   Code   RO         6362    i.nrf_drv_uart_tx_in_progress  nrf_drv_uart.o
    0x0002ee9c   0x0000004e   Code   RO         6693    i.nrf_fstorage_erase  nrf_fstorage.o
    0x0002eeea   0x00000010   Code   RO         6694    i.nrf_fstorage_init  nrf_fstorage.o
    0x0002eefa   0x00000002   PAD
    0x0002eefc   0x00000050   Code   RO         6695    i.nrf_fstorage_is_busy  nrf_fstorage.o
    0x0002ef4c   0x00000050   Code   RO         6696    i.nrf_fstorage_read  nrf_fstorage.o
    0x0002ef9c   0x00000020   Code   RO         6750    i.nrf_fstorage_sdh_req_handler  nrf_fstorage_sd.o
    0x0002efbc   0x00000020   Code   RO         6751    i.nrf_fstorage_sdh_state_handler  nrf_fstorage_sd.o
    0x0002efdc   0x000000b8   Code   RO         6752    i.nrf_fstorage_sys_evt_handler  nrf_fstorage_sd.o
    0x0002f094   0x00000066   Code   RO         6698    i.nrf_fstorage_write  nrf_fstorage.o
    0x0002f0fa   0x00000024   Code   RO         5741    i.nrf_gpio_cfg      nrf_drv_gpiote.o
    0x0002f11e   0x00000024   Code   RO         6073    i.nrf_gpio_cfg      nrf_drv_spi.o
    0x0002f142   0x00000024   Code   RO         6364    i.nrf_gpio_cfg      nrf_drv_uart.o
    0x0002f166   0x00000012   Code   RO         5742    i.nrf_gpio_cfg_default  nrf_drv_gpiote.o
    0x0002f178   0x00000012   Code   RO         6366    i.nrf_gpio_cfg_input  nrf_drv_uart.o
    0x0002f18a   0x00000010   Code   RO         1855    i.nrf_gpio_cfg_output  rak_i2c_gps_max7.o
    0x0002f19a   0x00000014   Code   RO         6074    i.nrf_gpio_cfg_output  nrf_drv_spi.o
    0x0002f1ae   0x00000014   Code   RO         6367    i.nrf_gpio_cfg_output  nrf_drv_uart.o
    0x0002f1c2   0x00000022   Code   RO         5743    i.nrf_gpio_cfg_sense_set  nrf_drv_gpiote.o
    0x0002f1e4   0x0000000e   Code   RO         6075    i.nrf_gpio_pin_set  nrf_drv_spi.o
    0x0002f1f2   0x0000000e   Code   RO         6188    i.nrf_gpio_pin_set  nrf_drv_twi.o
    0x0002f200   0x00000016   Code   RO         1856    i.nrf_gpio_pin_write  rak_i2c_gps_max7.o
    0x0002f216   0x00000002   PAD
    0x0002f218   0x00000028   Code   RO         5744    i.nrf_gpio_ports_read  nrf_drv_gpiote.o
    0x0002f240   0x00000014   Code   RO         5745    i.nrf_gpiote_event_clear  nrf_drv_gpiote.o
    0x0002f254   0x00000010   Code   RO         5746    i.nrf_gpiote_event_is_set  nrf_drv_gpiote.o
    0x0002f264   0x00000002   Code   RO         8093    i.nrf_log_default_backends_init  nrf_log_default_backends.o
    0x0002f266   0x00000002   PAD
    0x0002f268   0x000001ac   Code   RO         8124    i.nrf_log_frontend_dequeue  nrf_log_frontend.o
    0x0002f414   0x00000008   Code   RO         8126    i.nrf_log_frontend_std_0  nrf_log_frontend.o
    0x0002f41c   0x0000000e   Code   RO         8127    i.nrf_log_frontend_std_1  nrf_log_frontend.o
    0x0002f42a   0x00000010   Code   RO         8128    i.nrf_log_frontend_std_2  nrf_log_frontend.o
    0x0002f43a   0x00000012   Code   RO         8129    i.nrf_log_frontend_std_3  nrf_log_frontend.o
    0x0002f44c   0x0000005c   Code   RO         8133    i.nrf_log_init      nrf_log_frontend.o
    0x0002f4a8   0x00000060   Code   RO         7263    i.nrf_memobj_alloc  nrf_memobj.o
    0x0002f508   0x00000032   Code   RO         7264    i.nrf_memobj_free   nrf_memobj.o
    0x0002f53a   0x0000000e   Code   RO         7265    i.nrf_memobj_get    nrf_memobj.o
    0x0002f548   0x00000004   Code   RO         7266    i.nrf_memobj_pool_init  nrf_memobj.o
    0x0002f54c   0x00000022   Code   RO         7267    i.nrf_memobj_put    nrf_memobj.o
    0x0002f56e   0x0000000c   Code   RO         7269    i.nrf_memobj_write  nrf_memobj.o
    0x0002f57a   0x0000000c   Code   RO         5966    i.nrf_rtc_event_clear  nrf_drv_rtc.o
    0x0002f586   0x00000002   PAD
    0x0002f588   0x00000014   Code   RO         8800    i.nrf_sdh_ble_app_ram_start_get  nrf_sdh_ble.o
    0x0002f59c   0x00000158   Code   RO         8801    i.nrf_sdh_ble_default_cfg_set  nrf_sdh_ble.o
    0x0002f6f4   0x000000d0   Code   RO         8802    i.nrf_sdh_ble_enable  nrf_sdh_ble.o
    0x0002f7c4   0x00000050   Code   RO         8803    i.nrf_sdh_ble_evts_poll  nrf_sdh_ble.o
    0x0002f814   0x00000040   Code   RO         8685    i.nrf_sdh_disable_request  nrf_sdh.o
    0x0002f854   0x00000058   Code   RO         8686    i.nrf_sdh_enable_request  nrf_sdh.o
    0x0002f8ac   0x00000024   Code   RO         8687    i.nrf_sdh_evts_poll  nrf_sdh.o
    0x0002f8d0   0x0000000c   Code   RO         8688    i.nrf_sdh_is_enabled  nrf_sdh.o
    0x0002f8dc   0x0000001c   Code   RO         8690    i.nrf_sdh_request_continue  nrf_sdh.o
    0x0002f8f8   0x0000003c   Code   RO         8649    i.nrf_sdh_soc_evts_poll  nrf_sdh_soc.o
    0x0002f934   0x0000000a   Code   RO         7230    i.nrf_section_iter_init  nrf_section_iter.o
    0x0002f93e   0x00000024   Code   RO         7231    i.nrf_section_iter_item_set  nrf_section_iter.o
    0x0002f962   0x00000020   Code   RO         7232    i.nrf_section_iter_next  nrf_section_iter.o
    0x0002f982   0x0000000a   Code   RO         6076    i.nrf_spim_event_check  nrf_drv_spi.o
    0x0002f98c   0x00000038   Code   RO         7201    i.nrf_strerror_find  nrf_strerror.o
    0x0002f9c4   0x00000014   Code   RO         7202    i.nrf_strerror_get  nrf_strerror.o
    0x0002f9d8   0x0000000a   Code   RO         6189    i.nrf_twi_event_check  nrf_drv_twi.o
    0x0002f9e2   0x0000000c   Code   RO         6190    i.nrf_twi_event_clear  nrf_drv_twi.o
    0x0002f9ee   0x0000000a   Code   RO         6368    i.nrf_uart_event_check  nrf_drv_uart.o
    0x0002f9f8   0x0000000c   Code   RO         6369    i.nrf_uart_event_clear  nrf_drv_uart.o
    0x0002fa04   0x0000000c   Code   RO         6370    i.nrf_uart_int_enable_check  nrf_drv_uart.o
    0x0002fa10   0x0000000a   Code   RO         6371    i.nrf_uarte_event_check  nrf_drv_uart.o
    0x0002fa1a   0x0000000c   Code   RO         6372    i.nrf_uarte_event_clear  nrf_drv_uart.o
    0x0002fa26   0x00000002   PAD
    0x0002fa28   0x000000c0   Code   RO           16    i.nus_data_handler  main.o
    0x0002fae8   0x00000024   Code   RO           17    i.on_adv_evt        main.o
    0x0002fb0c   0x0000001c   Code   RO           18    i.on_conn_params_evt  main.o
    0x0002fb28   0x0000009c   Code   RO         5230    i.on_connected_evt  nrf_ble_gatt.o
    0x0002fbc4   0x00000074   Code   RO         5231    i.on_exchange_mtu_request_evt  nrf_ble_gatt.o
    0x0002fc38   0x00000012   Code   RO         6875    i.page_offsets_update  fds.o
    0x0002fc4a   0x00000002   PAD
    0x0002fc4c   0x0000001c   Code   RO         6877    i.page_tag_write_data  fds.o
    0x0002fc68   0x00000024   Code   RO         6878    i.page_tag_write_swap  fds.o
    0x0002fc8c   0x0000007c   Code   RO           19    i.parse_lora_config  main.o
    0x0002fd08   0x00000014   Code   RO          949    i.pin_event_handler  gpio-board.o
    0x0002fd1c   0x00000018   Code   RO         5747    i.pin_in_use_by_port  nrf_drv_gpiote.o
    0x0002fd34   0x00000018   Code   RO         5748    i.pin_in_use_by_te  nrf_drv_gpiote.o
    0x0002fd4c   0x00000038   Code   RO         6753    i.queue_get_next_free  nrf_fstorage_sd.o
    0x0002fd84   0x00000088   Code   RO         6754    i.queue_process     nrf_fstorage_sd.o
    0x0002fe0c   0x000000a0   Code   RO         6880    i.queue_process     fds.o
    0x0002feac   0x00000018   Code   RO         6755    i.queue_start       nrf_fstorage_sd.o
    0x0002fec4   0x00000024   Code   RO         1777    i.rak_i2c_init      rak_i2c_drv.o
    0x0002fee8   0x0000006c   Code   RO         1778    i.rak_i2c_read      rak_i2c_drv.o
    0x0002ff54   0x00000038   Code   RO         1779    i.rak_i2c_simple_read  rak_i2c_drv.o
    0x0002ff8c   0x00000038   Code   RO         1780    i.rak_i2c_simple_write  rak_i2c_drv.o
    0x0002ffc4   0x00000038   Code   RO         1781    i.rak_i2c_simple_write_m  rak_i2c_drv.o
    0x0002fffc   0x00000054   Code   RO         1782    i.rak_i2c_write     rak_i2c_drv.o
    0x00030050   0x00000028   Code   RO         1265    i.rand1             utilities.o
    0x00030078   0x0000001a   Code   RO         1266    i.randr             utilities.o
    0x00030092   0x0000000e   Code   RO         6756    i.read              nrf_fstorage_sd.o
    0x000300a0   0x00000010   Code   RO           20    i.read_3DH_timer_handle  main.o
    0x000300b0   0x00000030   Code   RO           21    i.read_3DH_timer_init  main.o
    0x000300e0   0x00000010   Code   RO           22    i.read_HT_timer_handle  main.o
    0x000300f0   0x00000030   Code   RO           23    i.read_HT_timer_init  main.o
    0x00030120   0x00000010   Code   RO           24    i.read_gps_timer_handle  main.o
    0x00030130   0x00000048   Code   RO           25    i.read_gps_timer_init  main.o
    0x00030178   0x00000088   Code   RO         6882    i.record_find       fds.o
    0x00030200   0x0000009c   Code   RO         6883    i.record_find_by_desc  fds.o
    0x0003029c   0x0000004c   Code   RO         6884    i.record_find_next  fds.o
    0x000302e8   0x00000034   Code   RO         6885    i.record_header_flag_dirty  fds.o
    0x0003031c   0x0000003c   Code   RO         7846    i.rtc1_stop         app_timer.o
    0x00030358   0x00000020   Code   RO         1007    i.rtc_get_timestamp  rtc-board.o
    0x00030378   0x00000034   Code   RO         1008    i.rtc_handler       rtc-board.o
    0x000303ac   0x00000094   Code   RO         2179    i.rw_Region2Str     loramac.o
    0x00030440   0x00000032   Code   RO         6374    i.rx_byte           nrf_drv_uart.o
    0x00030472   0x000000a2   Code   RO         5472    i.rx_char_add       ble_nus.o
    0x00030514   0x00000018   Code   RO         6375    i.rx_done_event     nrf_drv_uart.o
    0x0003052c   0x00000020   Code   RO         6376    i.rx_enable         nrf_drv_uart.o
    0x0003054c   0x00000040   Code   RO         8693    i.sd_nvic_DisableIRQ  nrf_sdh.o
    0x0003058c   0x00000070   Code   RO         8694    i.sd_nvic_EnableIRQ  nrf_sdh.o
    0x000305fc   0x00000054   Code   RO         5535    i.sd_state_evt_handler  nrf_drv_clock.o
    0x00030650   0x00000030   Code   RO         8695    i.sdh_request_observer_notify  nrf_sdh.o
    0x00030680   0x0000002c   Code   RO         8696    i.sdh_state_observer_notify  nrf_sdh.o
    0x000306ac   0x00000044   Code   RO         7633    i.sdk_mapped_flags_bulk_update_by_key  sdk_mapped_flags.o
    0x000306f0   0x00000022   Code   RO         7634    i.sdk_mapped_flags_first_key_index_get  sdk_mapped_flags.o
    0x00030712   0x00000010   Code   RO         7635    i.sdk_mapped_flags_get_by_index  sdk_mapped_flags.o
    0x00030722   0x0000004a   Code   RO         7638    i.sdk_mapped_flags_key_list_get  sdk_mapped_flags.o
    0x0003076c   0x0000000e   Code   RO         7640    i.sdk_mapped_flags_update_by_key  sdk_mapped_flags.o
    0x0003077a   0x00000002   PAD
    0x0003077c   0x00000010   Code   RO         4954    i.send_error_evt    ble_conn_params.o
    0x0003078c   0x00000088   Code   RO         4880    i.service_data_encode  ble_advdata.o
    0x00030814   0x000000e0   Code   RO           26    i.set_handler       main.o
    0x000308f4   0x00000068   Code   RO         4635    i.shift_sub_rows    aes.o
    0x0003095c   0x00000028   Code   RO           27    i.sleep_mode_enter  main.o
    0x00030984   0x0000000a   Code   RO         5536    i.soc_evt_handler   nrf_drv_clock.o
    0x0003098e   0x000000b2   Code   RO         6077    i.spim_xfer         nrf_drv_spi.o
    0x00030a40   0x0000000c   Code   RO         1267    i.srand1            utilities.o
    0x00030a4c   0x00000098   Code   RO         8140    i.std_n             nrf_log_frontend.o
    0x00030ae4   0x00000080   Code   RO         7847    i.timer_list_handler  app_timer.o
    0x00030b64   0x0000003c   Code   RO         7848    i.timer_list_insert  app_timer.o
    0x00030ba0   0x00000060   Code   RO         7849    i.timer_list_remove  app_timer.o
    0x00030c00   0x00000048   Code   RO         7850    i.timer_stop_op_schedule  app_timer.o
    0x00030c48   0x00000074   Code   RO         7851    i.timer_timeouts_check  app_timer.o
    0x00030cbc   0x000000aa   Code   RO         6191    i.twi_clear_bus     nrf_drv_twi.o
    0x00030d66   0x0000001e   Code   RO         6192    i.twi_process_error  nrf_drv_twi.o
    0x00030d84   0x000000c6   Code   RO         6193    i.twi_rx_start_transfer  nrf_drv_twi.o
    0x00030e4a   0x00000028   Code   RO         6194    i.twi_send_byte     nrf_drv_twi.o
    0x00030e72   0x0000010a   Code   RO         6195    i.twi_transfer      nrf_drv_twi.o
    0x00030f7c   0x000000d0   Code   RO         6196    i.twi_tx_start_transfer  nrf_drv_twi.o
    0x0003104c   0x0000008c   Code   RO         6197    i.twi_xfer          nrf_drv_twi.o
    0x000310d8   0x00000020   Code   RO         6377    i.tx_byte           nrf_drv_uart.o
    0x000310f8   0x000000da   Code   RO         5473    i.tx_char_add       ble_nus.o
    0x000311d2   0x0000001c   Code   RO         6378    i.tx_done_event     nrf_drv_uart.o
    0x000311ee   0x00000002   PAD
    0x000311f0   0x00000018   Code   RO          716    i.u_fs_check_lorab_cfg  app_lora.o
    0x00031208   0x00000024   Code   RO          717    i.u_fs_init         app_lora.o
    0x0003122c   0x00000024   Code   RO          718    i.u_fs_read_lorab_cfg  app_lora.o
    0x00031250   0x00000088   Code   RO          719    i.u_fs_write_lorab_cfg  app_lora.o
    0x000312d8   0x00000068   Code   RO           28    i.uart_event_handle  main.o
    0x00031340   0x000000a0   Code   RO         7144    i.uart_event_handler  app_uart_fifo.o
    0x000313e0   0x0000011e   Code   RO         6379    i.uart_irq_handler  nrf_drv_uart.o
    0x000314fe   0x000000f0   Code   RO         6380    i.uarte_irq_handler  nrf_drv_uart.o
    0x000315ee   0x0000000a   Code   RO         4881    i.uint16_encode     ble_advdata.o
    0x000315f8   0x00000004   Code   RO         6757    i.uninit            nrf_fstorage_sd.o
    0x000315fc   0x00000068   Code   RO         4955    i.update_timeout_handler  ble_conn_params.o
    0x00031664   0x00000030   Code   RO         7852    i.user_op_alloc     app_timer.o
    0x00031694   0x00000030   Code   RO         4882    i.uuid_list_encode  ble_advdata.o
    0x000316c4   0x0000009e   Code   RO         4883    i.uuid_list_sized_encode  ble_advdata.o
    0x00031762   0x00000014   Code   RO          720    i.wait_for_flash_ready  app_lora.o
    0x00031776   0x00000036   Code   RO         6758    i.write             nrf_fstorage_sd.o
    0x000317ac   0x000000f4   Code   RO         6887    i.write_execute     fds.o
    0x000318a0   0x00000082   Code   RO         4636    i.xor_block         aes.o
    0x00031922   0x00000002   PAD
    0x00031924   0x00000034   Data   RO           33    .constdata          main.o
    0x00031958   0x00000044   Data   RO          722    .constdata          app_lora.o
    0x0003199c   0x00000008   Data   RO          951    .constdata          gpio-board.o
    0x000319a4   0x00000010   Data   RO         1012    .constdata          rtc-board.o
    0x000319b4   0x0000005c   Data   RO         1119    .constdata          sx1276-board.o
    0x00031a10   0x00000008   Data   RO         1784    .constdata          rak_i2c_drv.o
    0x00031a18   0x00000070   Data   RO         1858    .constdata          rak_i2c_gps_max7.o
    0x00031a88   0x00000010   Data   RO         1996    .constdata          rak_i2c_lis3dh.o
    0x00031a98   0x00000828   Data   RO         2059    .constdata          rak_i2c_oled.o
    0x000322c0   0x00000010   Data   RO         2181    .constdata          loramac.o
    0x000322d0   0x00000084   Data   RO         3582    .constdata          regionus915.o
    0x00032354   0x000000e0   Data   RO         4438    .constdata          sx1276.o
    0x00032434   0x00000300   Data   RO         4637    .constdata          aes.o
    0x00032734   0x0000000c   Data   RO         4724    .constdata          gps.o
    0x00032740   0x00000016   Data   RO         5232    .constdata          nrf_ble_gatt.o
    0x00032756   0x00000002   PAD
    0x00032758   0x00000020   Data   RO         5474    .constdata          ble_nus.o
    0x00032778   0x00000004   Data   RO         5750    .constdata          nrf_drv_gpiote.o
    0x0003277c   0x0000000c   Data   RO         6202    .constdata          nrf_drv_twi.o
    0x00032788   0x00000008   Data   RO         6760    .constdata          nrf_fstorage_sd.o
    0x00032790   0x00000018   Data   RO         6761    .constdata          nrf_fstorage_sd.o
    0x000327a8   0x00000014   Data   RO         6891    .constdata          fds.o
    0x000327bc   0x00000020   Data   RO         7146    .constdata          app_uart_fifo.o
    0x000327dc   0x00000104   Data   RO         7203    .constdata          nrf_strerror.o
    0x000328e0   0x00000014   Data   RO         8143    .constdata          nrf_log_frontend.o
    0x000328f4   0x00000010   Data   RO         8650    .constdata          nrf_sdh_soc.o
    0x00032904   0x0000000c   Data   RO         8651    .constdata          nrf_sdh_soc.o
    0x00032910   0x00000010   Data   RO         8697    .constdata          nrf_sdh.o
    0x00032920   0x00000028   Data   RO         8698    .constdata          nrf_sdh.o
    0x00032948   0x00000010   Data   RO         8699    .constdata          nrf_sdh.o
    0x00032958   0x00000010   Data   RO         8700    .constdata          nrf_sdh.o
    0x00032968   0x00000020   Data   RO         8804    .constdata          nrf_sdh_ble.o
    0x00032988   0x00000014   Data   RO         8805    .constdata          nrf_sdh_ble.o
    0x0003299c   0x00000081   Data   RO         8866    .constdata          mc_w.l(ctype_o.o)
    0x00032a1d   0x00000003   PAD
    0x00032a20   0x00000004   Data   RO         8867    .constdata          mc_w.l(ctype_o.o)
    0x00032a24   0x00000041   Data   RO          723    .conststring        app_lora.o
    0x00032a65   0x00000003   PAD
    0x00032a68   0x0000012d   Data   RO         5233    .conststring        nrf_ble_gatt.o
    0x00032b95   0x00000003   PAD
    0x00032b98   0x00000307   Data   RO         7204    .conststring        nrf_strerror.o
    0x00032e9f   0x00000001   PAD
    0x00032ea0   0x000001cf   Data   RO         8806    .conststring        nrf_sdh_ble.o
    0x0003306f   0x00000001   PAD
    0x00033070   0x00000009   Data   RO         5234    .conststrlit        nrf_ble_gatt.o
    0x00033079   0x00000003   PAD
    0x0003307c   0x00000006   Data   RO         5542    .conststrlit        nrf_drv_clock.o
    0x00033082   0x00000002   PAD
    0x00033084   0x00000007   Data   RO         5754    .conststrlit        nrf_drv_gpiote.o
    0x0003308b   0x00000001   PAD
    0x0003308c   0x00000004   Data   RO         5970    .conststrlit        nrf_drv_rtc.o
    0x00033090   0x00000004   Data   RO         6082    .conststrlit        nrf_drv_spi.o
    0x00033094   0x00000004   Data   RO         6203    .conststrlit        nrf_drv_twi.o
    0x00033098   0x00000005   Data   RO         6382    .conststrlit        nrf_drv_uart.o
    0x0003309d   0x00000003   PAD
    0x000330a0   0x00000007   Data   RO         7404    .conststrlit        nrf_balloc.o
    0x000330a7   0x00000001   PAD
    0x000330a8   0x00000009   Data   RO         7737    .conststrlit        nrf_pwr_mgmt.o
    0x000330b1   0x00000003   PAD
    0x000330b4   0x00000004   Data   RO         8145    .conststrlit        nrf_log_frontend.o
    0x000330b8   0x0000000c   Data   RO         8652    .conststrlit        nrf_sdh_soc.o
    0x000330c4   0x00000008   Data   RO         8701    .conststrlit        nrf_sdh.o
    0x000330cc   0x0000000c   Data   RO         8807    .conststrlit        nrf_sdh_ble.o
    0x000330d8   0x00000020   Data   RO         9242    Region$$Table       anon$$obj.o
    0x000330f8   0x00000008   Data   RO         5235    log_const_data      nrf_ble_gatt.o
    0x00033100   0x00000008   Data   RO         5543    log_const_data      nrf_drv_clock.o
    0x00033108   0x00000008   Data   RO         5755    log_const_data      nrf_drv_gpiote.o
    0x00033110   0x00000008   Data   RO         5972    log_const_data      nrf_drv_rtc.o
    0x00033118   0x00000008   Data   RO         6083    log_const_data      nrf_drv_spi.o
    0x00033120   0x00000008   Data   RO         6204    log_const_data      nrf_drv_twi.o
    0x00033128   0x00000008   Data   RO         6383    log_const_data      nrf_drv_uart.o
    0x00033130   0x00000008   Data   RO         7405    log_const_data      nrf_balloc.o
    0x00033138   0x00000008   Data   RO         7739    log_const_data      nrf_pwr_mgmt.o
    0x00033140   0x00000008   Data   RO         8149    log_const_data      nrf_log_frontend.o
    0x00033148   0x00000008   Data   RO         8653    log_const_data      nrf_sdh_soc.o
    0x00033150   0x00000008   Data   RO         8703    log_const_data      nrf_sdh.o
    0x00033158   0x00000008   Data   RO         8808    log_const_data      nrf_sdh_ble.o
    0x00033160   0x00000008   Data   RO         5040    sdh_ble_observers0  ble_conn_state.o
    0x00033168   0x00000018   Data   RO           35    sdh_ble_observers1  main.o
    0x00033180   0x00000008   Data   RO          598    sdh_ble_observers1  bsp_btn_ble.o
    0x00033188   0x00000008   Data   RO         4958    sdh_ble_observers1  ble_conn_params.o
    0x00033190   0x00000008   Data   RO           36    sdh_ble_observers2  main.o
    0x00033198   0x00000008   Data   RO         6763    sdh_req_observers0  nrf_fstorage_sd.o
    0x000331a0   0x00000008   Data   RO         5545    sdh_soc_observers0  nrf_drv_clock.o
    0x000331a8   0x00000008   Data   RO         6764    sdh_soc_observers0  nrf_fstorage_sd.o
    0x000331b0   0x00000008   Data   RO           37    sdh_soc_observers1  main.o
    0x000331b8   0x00000008   Data   RO         8655    sdh_stack_observers0  nrf_sdh_soc.o
    0x000331c0   0x00000008   Data   RO         8810    sdh_stack_observers0  nrf_sdh_ble.o
    0x000331c8   0x00000008   Data   RO         5546    sdh_state_observers0  nrf_drv_clock.o
    0x000331d0   0x00000008   Data   RO         6765    sdh_state_observers0  nrf_fstorage_sd.o


    Execution Region RW_IRAM1 (Base: 0x20002a68, Size: 0x00004358, Max: 0x0000d598, ABSOLUTE, COMPRESSED[0x0000007c])

    Base Addr    Size         Type   Attr      Idx    E Section Name        Object

    0x20002a68   0x00000014   Data   RW           34    .data               main.o
    0x20002a7c   0x00000008   Data   RW          597    .data               bsp_btn_ble.o
    0x20002a84   0x00000004   Data   RW          670    .data               system_nrf52.o
    0x20002a88   0x00000034   Data   RW          724    .data               app_lora.o
    0x20002abc   0x00000018   Data   RW          839    .data               board.o
    0x20002ad4   0x00000008   Data   RW         1013    .data               rtc-board.o
    0x20002adc   0x0000000c   Data   RW         1120    .data               sx1276-board.o
    0x20002ae8   0x00000004   Data   RW         1268    .data               utilities.o
    0x20002aec   0x00000001   Data   RW         1517    .data               lis3dh_driver.o
    0x20002aed   0x00000002   Data   RW         1785    .data               rak_i2c_drv.o
    0x20002aef   0x00000001   PAD
    0x20002af0   0x0000006c   Data   RW         2182    .data               loramac.o
    0x20002b5c   0x00000020   Data   RW         2392    .data               loramaccrypto.o
    0x20002b7c   0x00000010   Data   RW         3583    .data               regionus915.o
    0x20002b8c   0x0000001c   Data   RW         4439    .data               sx1276.o
    0x20002ba8   0x00000028   Data   RW         4731    .data               gps.o
    0x20002bd0   0x00000008   Data   RW         4957    .data               ble_conn_params.o
    0x20002bd8   0x00000008   Data   RW         5971    .data               nrf_drv_rtc.o
    0x20002be0   0x00000008   Data   RW         6762    .data               nrf_fstorage_sd.o
    0x20002be8   0x00000018   Data   RW         6892    .data               fds.o
    0x20002c00   0x00000010   Data   RW         7147    .data               app_uart_fifo.o
    0x20002c10   0x00000004   Data   RW         7696    .data               retarget.o
    0x20002c14   0x00000014   Data   RW         7854    .data               app_timer.o
    0x20002c28   0x00000008   Data   RW         8147    .data               nrf_log_frontend.o
    0x20002c30   0x00000008   Data   RW         8148    .data               nrf_log_frontend.o
    0x20002c38   0x00000003   Data   RW         8702    .data               nrf_sdh.o
    0x20002c3b   0x00000001   PAD
    0x20002c3c   0x00000004   Data   RW         9223    .data               mc_w.l(errno.o)
    0x20002c40   0x00000014   Data   RW          725    fs_data             app_lora.o
    0x20002c54   0x00000014   Data   RW         6893    fs_data             fds.o
    0x20002c68   0x0000000c   Data   RW         5236    log_dynamic_data    nrf_ble_gatt.o
    0x20002c74   0x0000000c   Data   RW         5544    log_dynamic_data    nrf_drv_clock.o
    0x20002c80   0x0000000c   Data   RW         5756    log_dynamic_data    nrf_drv_gpiote.o
    0x20002c8c   0x0000000c   Data   RW         5973    log_dynamic_data    nrf_drv_rtc.o
    0x20002c98   0x0000000c   Data   RW         6084    log_dynamic_data    nrf_drv_spi.o
    0x20002ca4   0x0000000c   Data   RW         6205    log_dynamic_data    nrf_drv_twi.o
    0x20002cb0   0x0000000c   Data   RW         6384    log_dynamic_data    nrf_drv_uart.o
    0x20002cbc   0x0000000c   Data   RW         7406    log_dynamic_data    nrf_balloc.o
    0x20002cc8   0x0000000c   Data   RW         7740    log_dynamic_data    nrf_pwr_mgmt.o
    0x20002cd4   0x0000000c   Data   RW         8150    log_dynamic_data    nrf_log_frontend.o
    0x20002ce0   0x0000000c   Data   RW         8654    log_dynamic_data    nrf_sdh_soc.o
    0x20002cec   0x0000000c   Data   RW         8704    log_dynamic_data    nrf_sdh.o
    0x20002cf8   0x0000000c   Data   RW         8809    log_dynamic_data    nrf_sdh_ble.o
    0x20002d04   0x00000020   Zero   RW           29    .bss                main.o
    0x20002d24   0x00000020   Zero   RW           30    .bss                main.o
    0x20002d44   0x00000020   Zero   RW           31    .bss                main.o
    0x20002d64   0x00000004   PAD
    0x20002d68   0x00000478   Zero   RW           32    .bss                main.o
    0x200031e0   0x00000198   Zero   RW          721    .bss                app_lora.o
    0x20003378   0x00000080   Zero   RW          950    .bss                gpio-board.o
    0x200033f8   0x0000000e   Zero   RW         1783    .bss                rak_i2c_drv.o
    0x20003406   0x00000364   Zero   RW         1857    .bss                rak_i2c_gps_max7.o
    0x2000376a   0x00000002   PAD
    0x2000376c   0x000004d4   Zero   RW         2180    .bss                loramac.o
    0x20003c40   0x0000022c   Zero   RW         2391    .bss                loramaccrypto.o
    0x20003e6c   0x00000384   Zero   RW         3581    .bss                regionus915.o
    0x200041f0   0x00000238   Zero   RW         4437    .bss                sx1276.o
    0x20004428   0x00000063   Zero   RW         4723    .bss                gps.o
    0x2000448b   0x00000001   PAD
    0x2000448c   0x00000050   Zero   RW         4956    .bss                ble_conn_params.o
    0x200044dc   0x000000b8   Zero   RW         5039    .bss                ble_conn_state.o
    0x20004594   0x00000014   Zero   RW         5537    .bss                nrf_drv_clock.o
    0x200045a8   0x00000058   Zero   RW         5749    .bss                nrf_drv_gpiote.o
    0x20004600   0x00000024   Zero   RW         6078    .bss                nrf_drv_spi.o
    0x20004624   0x00000028   Zero   RW         6198    .bss                nrf_drv_twi.o
    0x2000464c   0x00000020   Zero   RW         6381    .bss                nrf_drv_uart.o
    0x2000466c   0x00000078   Zero   RW         6759    .bss                nrf_fstorage_sd.o
    0x200046e4   0x000000c4   Zero   RW         6890    .bss                fds.o
    0x200047a8   0x00000020   Zero   RW         7145    .bss                app_uart_fifo.o
    0x200047c8   0x0000000c   Zero   RW         7575    .bss                app_util_platform.o
    0x200047d4   0x0000010c   Zero   RW         7853    .bss                app_timer.o
    0x200048e0   0x000000c0   Zero   RW         8141    .bss                nrf_log_frontend.o
    0x200049a0   0x00000420   Zero   RW         8142    .bss                nrf_log_frontend.o
    0x20004dc0   0x00002000   Zero   RW          659    STACK               arm_startup_nrf52.o


==============================================================================

Image component sizes


      Code (inc. data)   RO Data    RW Data    ZI Data      Debug   Object Name

      1290         12        768          0          0      13812   aes.o
        22          0          0          0          0       2069   app_error.o
       118          0          0          0          0       4634   app_fifo.o
      2692        616        133         72        408      26564   app_lora.o
      1630        122          0         20        268      46135   app_timer.o
       452         42         32         16         32      10370   app_uart_fifo.o
       124         14          0          0         12       6118   app_util_platform.o
        36          8        512          0       8192        912   arm_startup_nrf52.o
      1330          0          0          0          0      35471   ble_advdata.o
       928          6          0          0          0       7392   ble_advertising.o
       636         44          8          8         80      11027   ble_conn_params.o
       268          6          8          0        184       3227   ble_conn_state.o
       692         10         32          0          0       7186   ble_nus.o
         8          0          0          0          0       1314   ble_srv_common.o
       230         26          0         24          0      10655   board.o
         0          0          0          0          0       2970   boards.o
        12          0          0          0          0       1832   bsp.o
       182          4          8          8          0       3185   bsp_btn_ble.o
       540          0          0          0          0       3953   cmac.o
      1922        200         20         44        196      47655   fds.o
       362         26          8          0        128       4868   gpio-board.o
      2190        158         12         40         99       9581   gps.o
       450          6          0          1          0       5176   lis3dh_driver.o
      7962        770         16        108       1236      43699   loramac.o
       638         40          0         32        556       6827   loramaccrypto.o
      2822        728         92         20       1240     182670   main.o
       164          0         15         12          0       3597   nrf_balloc.o
       682         44        340         12          0      39230   nrf_ble_gatt.o
       408         40         30         12         20      39911   nrf_drv_clock.o
        56          0          0          0          0      28863   nrf_drv_common.o
      1608        114         19         12         88      32921   nrf_drv_gpiote.o
       412         26         12         20          0      12538   nrf_drv_rtc.o
       770         20         12         12         36      20304   nrf_drv_spi.o
      1714         32         24         12         40      31458   nrf_drv_twi.o
      2140         66         13         12         32      39663   nrf_drv_uart.o
       392         10          0          0          0       6500   nrf_fstorage.o
       738         56         56          8        120      11799   nrf_fstorage_sd.o
         2          0          0          0          0        648   nrf_log_default_backends.o
      1160         56         32         28       1248      25797   nrf_log_frontend.o
       482          0          0          0          0      10225   nrf_memobj.o
         0          0         17         12          0       6797   nrf_pwr_mgmt.o
       536         60        104         15          0      41484   nrf_sdh.o
       652        158        543         12          0       5605   nrf_sdh_ble.o
        60          4         56         12          0      10788   nrf_sdh_soc.o
        78          0          0          0          0       2528   nrf_section_iter.o
        76         10       1035          0          0       2511   nrf_strerror.o
       436         64          8          2         14       6636   rak_i2c_drv.o
       404         64        112          0        868      12017   rak_i2c_gps_max7.o
       248         92         16          0          0       3502   rak_i2c_lis3dh.o
       720         48       2088          0          0       6523   rak_i2c_oled.o
       204         10          0          0          0       2764   rak_i2c_sht31.o
       392          0          0          0          0      35389   region.o
         0          0          0          0          0       1104   regionas923.o
      1182         32          0          0          0      13763   regioncommon.o
      2402        214        132         16        900      21944   regionus915.o
        14          0          0          4          0       2702   retarget.o
       160         26         16          8          0       9280   rtc-board.o
       206          0          0          0          0       4966   sdk_mapped_flags.o
       252          6          0          0          0       2831   spi-board.o
       442         24         92         12          0       8525   sx1276-board.o
      5508        400        224         28        568      27558   sx1276.o
       764         66          0          4          0      29198   system_nrf52.o
       160          0          0          0          0       4640   timer.o
       310         24          0          4          0       8024   utilities.o
        80          0          0          0          0        835   utils.o

    ----------------------------------------------------------------------
     53630       4604       6700        664      16572    1074670   Object Totals
         0          0         32          0          0          0   (incl. Generated)
        80          0         23          2          7          0   (incl. Padding)

    ----------------------------------------------------------------------

      Code (inc. data)   RO Data    RW Data    ZI Data      Debug   Library Member Name

       280         28          0          0          0        156   ceil.o
       280         28          0          0          0        156   floor.o
       224         30          0          0          0        172   round.o
        58          0          0          0          0          0   __dczerorl.o
        28          0          0          0          0         68   _chval.o
       158          0          0          0          0         92   _strtoul.o
        26          0          0          0          0         80   atoi.o
         8          4        133          0          0         68   ctype_o.o
         0          0          0          0          0          0   entry.o
         0          0          0          0          0          0   entry10a.o
         0          0          0          0          0          0   entry11a.o
         8          4          0          0          0          0   entry2.o
         4          0          0          0          0          0   entry5.o
         0          0          0          0          0          0   entry7b.o
         0          0          0          0          0          0   entry8b.o
         8          4          0          0          0          0   entry9a.o
         8          4          0          4          0         68   errno.o
        30          0          0          0          0          0   handlers.o
        36          8          0          0          0         68   init.o
         0          0          0          0          0          0   iusefp.o
        30          0          0          0          0         68   llshl.o
        36          0          0          0          0         68   llsshr.o
        32          0          0          0          0         68   llushr.o
        36          0          0          0          0         68   memcpya.o
        36          0          0          0          0        108   memseta.o
      2276         96          0          0          0        596   printfa.o
        20          0          0          0          0         68   strchr.o
        28          0          0          0          0         76   strcmp.o
        14          0          0          0          0         68   strlen.o
        30          0          0          0          0         80   strncmp.o
       112          0          0          0          0         88   strtol.o
       114          0          0          0          0         92   strtoul.o
        12          0          0          0          0         68   toupper.o
        44          0          0          0          0         80   uidiv.o
        98          0          0          0          0         92   uldiv.o
        48          0          0          0          0         68   cdcmple.o
        48          0          0          0          0         68   cdrcmple.o
       334          0          0          0          0        148   dadd.o
       222          0          0          0          0        100   ddiv.o
       186          0          0          0          0        176   depilogue.o
        62          0          0          0          0         80   dfixi.o
        50          0          0          0          0         76   dfixui.o
        48          0          0          0          0         68   dfixul.o
        34          0          0          0          0         76   dflti.o
        26          0          0          0          0         76   dfltui.o
       228          0          0          0          0         96   dmul.o
       136          4          0          0          0         92   drnd.o
        38          0          0          0          0         68   f2d.o

    ----------------------------------------------------------------------
      5542        210        136          4          0       3808   Library Totals
         8          0          3          0          0          0   (incl. Padding)

    ----------------------------------------------------------------------

      Code (inc. data)   RO Data    RW Data    ZI Data      Debug   Library Name

       784         86          0          0          0        484   m_wm.l
      3290        120        133          4          0       2132   mc_w.l
      1460          4          0          0          0       1192   mf_w.l

    ----------------------------------------------------------------------
      5542        210        136          4          0       3808   Library Totals

    ----------------------------------------------------------------------

==============================================================================


      Code (inc. data)   RO Data    RW Data    ZI Data      Debug   

     59172       4814       6836        668      16572    1023942   Grand Totals
     59172       4814       6836        124      16572    1023942   ELF Image Totals (compressed)
     59172       4814       6836        124          0          0   ROM Totals

==============================================================================

    Total RO  Size (Code + RO Data)                66008 (  64.46kB)
    Total RW  Size (RW Data + ZI Data)             17240 (  16.84kB)
    Total ROM Size (Code + RO Data + RW Data)      66132 (  64.58kB)

==============================================================================

